Component: ARM Compiler 5.06 update 1 (build 61) Tool: armlink [4d35a8]

==============================================================================

Section Cross References

    startup_stm32h743xx.o(RESET) refers to startup_stm32h743xx.o(STACK) for __initial_sp
    startup_stm32h743xx.o(RESET) refers to startup_stm32h743xx.o(.text) for Reset_Handler
    startup_stm32h743xx.o(RESET) refers to stm32h7xx_it.o(i.NMI_Handler) for NMI_Handler
    startup_stm32h743xx.o(RESET) refers to stm32h7xx_it.o(i.HardFault_Handler) for HardFault_Handler
    startup_stm32h743xx.o(RESET) refers to stm32h7xx_it.o(i.MemManage_Handler) for MemManage_Handler
    startup_stm32h743xx.o(RESET) refers to stm32h7xx_it.o(i.BusFault_Handler) for BusFault_Handler
    startup_stm32h743xx.o(RESET) refers to stm32h7xx_it.o(i.UsageFault_Handler) for UsageFault_Handler
    startup_stm32h743xx.o(RESET) refers to port.o(.emb_text) for SVC_Handler
    startup_stm32h743xx.o(RESET) refers to stm32h7xx_it.o(i.DebugMon_Handler) for DebugMon_Handler
    startup_stm32h743xx.o(RESET) refers to port.o(i.SysTick_Handler) for SysTick_Handler
    startup_stm32h743xx.o(RESET) refers to stm32h7xx_it.o(i.TIM1_BRK_IRQHandler) for TIM1_BRK_IRQHandler
    startup_stm32h743xx.o(RESET) refers to stm32h7xx_it.o(i.TIM2_IRQHandler) for TIM2_IRQHandler
    startup_stm32h743xx.o(RESET) refers to stm32h7xx_it.o(i.USART2_IRQHandler) for USART2_IRQHandler
    startup_stm32h743xx.o(.text) refers to system_stm32h7xx.o(i.SystemInit) for SystemInit
    startup_stm32h743xx.o(.text) refers to entry.o(.ARM.Collect$$$$00000000) for __main
    main.o(i.HAL_TIM_PeriodElapsedCallback) refers to stm32h7xx_hal.o(i.HAL_IncTick) for HAL_IncTick
    main.o(i.SystemClock_Config) refers to memseta.o(.text) for __aeabi_memclr4
    main.o(i.SystemClock_Config) refers to stm32h7xx_hal_pwr_ex.o(i.HAL_PWREx_ConfigSupply) for HAL_PWREx_ConfigSupply
    main.o(i.SystemClock_Config) refers to stm32h7xx_hal_rcc.o(i.HAL_RCC_OscConfig) for HAL_RCC_OscConfig
    main.o(i.SystemClock_Config) refers to stm32h7xx_hal_rcc.o(i.HAL_RCC_ClockConfig) for HAL_RCC_ClockConfig
    main.o(i.main) refers to stm32h7xx_hal.o(i.HAL_Init) for HAL_Init
    main.o(i.main) refers to main.o(i.SystemClock_Config) for SystemClock_Config
    main.o(i.main) refers to gpio.o(i.MX_GPIO_Init) for MX_GPIO_Init
    main.o(i.main) refers to tim.o(i.MX_TIM1_Init) for MX_TIM1_Init
    main.o(i.main) refers to usart.o(i.MX_USART2_UART_Init) for MX_USART2_UART_Init
    main.o(i.main) refers to freertos.o(i.MX_FREERTOS_Init) for MX_FREERTOS_Init
    main.o(i.main) refers to cmsis_os.o(i.osKernelStart) for osKernelStart
    gpio.o(i.MX_GPIO_Init) refers to memseta.o(.text) for __aeabi_memclr4
    gpio.o(i.MX_GPIO_Init) refers to stm32h7xx_hal_gpio.o(i.HAL_GPIO_WritePin) for HAL_GPIO_WritePin
    gpio.o(i.MX_GPIO_Init) refers to stm32h7xx_hal_gpio.o(i.HAL_GPIO_Init) for HAL_GPIO_Init
    freertos.o(i.MX_FREERTOS_Init) refers to cmsis_os.o(i.osMutexCreate) for osMutexCreate
    freertos.o(i.MX_FREERTOS_Init) refers to memmovea.o(.text) for __aeabi_memcpy4
    freertos.o(i.MX_FREERTOS_Init) refers to cmsis_os.o(i.osThreadCreate) for osThreadCreate
    freertos.o(i.MX_FREERTOS_Init) refers to freertos.o(.constdata) for .constdata
    freertos.o(i.MX_FREERTOS_Init) refers to freertos.o(.data) for .data
    freertos.o(i.StartDefaultTask) refers to stm32h7xx_hal_gpio.o(i.HAL_GPIO_TogglePin) for HAL_GPIO_TogglePin
    freertos.o(i.StartDefaultTask) refers to printf3.o(i.__0printf$3) for __2printf
    freertos.o(i.StartDefaultTask) refers to cmsis_os.o(i.osDelay) for osDelay
    freertos.o(i.StartTaskLED) refers to stm32h7xx_hal_gpio.o(i.HAL_GPIO_TogglePin) for HAL_GPIO_TogglePin
    freertos.o(i.StartTaskLED) refers to printf3.o(i.__0printf$3) for __2printf
    freertos.o(i.StartTaskLED) refers to cmsis_os.o(i.osDelay) for osDelay
    freertos.o(i.vApplicationGetIdleTaskMemory) refers to freertos.o(.bss) for .bss
    freertos.o(.constdata) refers to freertos.o(.bss) for myKeyControlBlock
    freertos.o(.constdata) refers to freertos.o(.conststring) for .conststring
    freertos.o(.constdata) refers to freertos.o(i.StartDefaultTask) for StartDefaultTask
    freertos.o(.constdata) refers to freertos.o(i.StartTaskLED) for StartTaskLED
    tim.o(i.HAL_TIM_Base_MspDeInit) refers to stm32h7xx_hal_cortex.o(i.HAL_NVIC_DisableIRQ) for HAL_NVIC_DisableIRQ
    tim.o(i.HAL_TIM_Base_MspInit) refers to stm32h7xx_hal_cortex.o(i.HAL_NVIC_SetPriority) for HAL_NVIC_SetPriority
    tim.o(i.HAL_TIM_Base_MspInit) refers to stm32h7xx_hal_cortex.o(i.HAL_NVIC_EnableIRQ) for HAL_NVIC_EnableIRQ
    tim.o(i.MX_TIM1_Init) refers to memseta.o(.text) for __aeabi_memclr4
    tim.o(i.MX_TIM1_Init) refers to stm32h7xx_hal_tim.o(i.HAL_TIM_Base_Init) for HAL_TIM_Base_Init
    tim.o(i.MX_TIM1_Init) refers to main.o(i.Error_Handler) for Error_Handler
    tim.o(i.MX_TIM1_Init) refers to stm32h7xx_hal_tim.o(i.HAL_TIM_ConfigClockSource) for HAL_TIM_ConfigClockSource
[...]
    .text                                    0x0800036c   Section       36  startup_stm32h743xx.o(.text)
    $v0                                      0x0800036c   Number         0  startup_stm32h743xx.o(.text)
    .text                                    0x08000390   Section        0  uldiv.o(.text)
    .text                                    0x080003f2   Section        0  memmovea.o(.text)
    .text                                    0x08000432   Section        0  memseta.o(.text)
    .text                                    0x08000456   Section        0  uidiv.o(.text)
    .text                                    0x08000482   Section        0  llshl.o(.text)
    .text                                    0x080004a0   Section        0  llushr.o(.text)
    .text                                    0x080004c0   Section       36  init.o(.text)
    i.BusFault_Handler                       0x080004e4   Section        0  stm32h7xx_it.o(i.BusFault_Handler)
    i.DebugMon_Handler                       0x080004e6   Section        0  stm32h7xx_it.o(i.DebugMon_Handler)
    i.Error_Handler                          0x080004e8   Section        0  main.o(i.Error_Handler)
    i.HAL_DMA_Abort                          0x080004ec   Section        0  stm32h7xx_hal_dma.o(i.HAL_DMA_Abort)
    i.HAL_DMA_Abort_IT                       0x0800084c   Section        0  stm32h7xx_hal_dma.o(i.HAL_DMA_Abort_IT)
    i.HAL_GPIO_Init                          0x08000ab8   Section        0  stm32h7xx_hal_gpio.o(i.HAL_GPIO_Init)
    i.HAL_GPIO_TogglePin                     0x08000c94   Section        0  stm32h7xx_hal_gpio.o(i.HAL_GPIO_TogglePin)
    i.HAL_GPIO_WritePin                      0x08000ca4   Section        0  stm32h7xx_hal_gpio.o(i.HAL_GPIO_WritePin)
    i.HAL_GetREVID                           0x08000cb0   Section        0  stm32h7xx_hal.o(i.HAL_GetREVID)
    i.HAL_GetTick                            0x08000cbc   Section        0  stm32h7xx_hal.o(i.HAL_GetTick)
    i.HAL_IncTick                            0x08000cc8   Section        0  stm32h7xx_hal.o(i.HAL_IncTick)
    i.HAL_Init                               0x08000cd8   Section        0  stm32h7xx_hal.o(i.HAL_Init)
    i.HAL_InitTick                           0x08000d34   Section        0  stm32h7xx_hal_timebase_tim.o(i.HAL_InitTick)
    i.HAL_MspInit                            0x08000dc0   Section        0  stm32h7xx_hal_msp.o(i.HAL_MspInit)
    i.HAL_NVIC_EnableIRQ                     0x08000de4   Section        0  stm32h7xx_hal_cortex.o(i.HAL_NVIC_EnableIRQ)
    i.HAL_NVIC_SetPriority                   0x08000e00   Section        0  stm32h7xx_hal_cortex.o(i.HAL_NVIC_SetPriority)
    i.HAL_NVIC_SetPriorityGrouping           0x08000e40   Section        0  stm32h7xx_hal_cortex.o(i.HAL_NVIC_SetPriorityGrouping)
    i.HAL_PWREx_ConfigSupply                 0x08000e64   Section        0  stm32h7xx_hal_pwr_ex.o(i.HAL_PWREx_ConfigSupply)
    i.HAL_RCCEx_GetD3PCLK1Freq               0x08000eb4   Section        0  stm32h7xx_hal_rcc_ex.o(i.HAL_RCCEx_GetD3PCLK1Freq)
    i.HAL_RCCEx_GetPLL2ClockFreq             0x08000ed8   Section        0  stm32h7xx_hal_rcc_ex.o(i.HAL_RCCEx_GetPLL2ClockFreq)
    i.HAL_RCCEx_GetPLL3ClockFreq             0x08001014   Section        0  stm32h7xx_hal_rcc_ex.o(i.HAL_RCCEx_GetPLL3ClockFreq)
    i.HAL_RCCEx_PeriphCLKConfig              0x08001150   Section        0  stm32h7xx_hal_rcc_ex.o(i.HAL_RCCEx_PeriphCLKConfig)
    i.HAL_RCC_ClockConfig                    0x08001a24   Section        0  stm32h7xx_hal_rcc.o(i.HAL_RCC_ClockConfig)
    i.HAL_RCC_GetClockConfig                 0x08001c94   Section        0  stm32h7xx_hal_rcc.o(i.HAL_RCC_GetClockConfig)
    i.HAL_RCC_GetHCLKFreq                    0x08001cf4   Section        0  stm32h7xx_hal_rcc.o(i.HAL_RCC_GetHCLKFreq)
    i.HAL_RCC_GetPCLK1Freq                   0x08001d38   Section        0  stm32h7xx_hal_rcc.o(i.HAL_RCC_GetPCLK1Freq)
    i.HAL_RCC_GetPCLK2Freq                   0x08001d5c   Section        0  stm32h7xx_hal_rcc.o(i.HAL_RCC_GetPCLK2Freq)
    i.HAL_RCC_GetSysClockFreq                0x08001d80   Section        0  stm32h7xx_hal_rcc.o(i.HAL_RCC_GetSysClockFreq)
    i.HAL_RCC_OscConfig                      0x08001eb0   Section        0  stm32h7xx_hal_rcc.o(i.HAL_RCC_OscConfig)
    i.HAL_TIMEx_Break2Callback               0x080023cc   Section        0  stm32h7xx_hal_tim_ex.o(i.HAL_TIMEx_Break2Callback)
    i.HAL_TIMEx_BreakCallback                0x080023ce   Section        0  stm32h7xx_hal_tim_ex.o(i.HAL_TIMEx_BreakCallback)
    i.HAL_TIMEx_CommutCallback               0x080023d0   Section        0  stm32h7xx_hal_tim_ex.o(i.HAL_TIMEx_CommutCallback)
    i.HAL_TIMEx_MasterConfigSynchronization  0x080023d4   Section        0  stm32h7xx_hal_tim_ex.o(i.HAL_TIMEx_MasterConfigSynchronization)
    i.HAL_TIM_Base_Init                      0x08002478   Section        0  stm32h7xx_hal_tim.o(i.HAL_TIM_Base_Init)
    i.HAL_TIM_Base_MspInit                   0x080024dc   Section        0  tim.o(i.HAL_TIM_Base_MspInit)
    i.HAL_TIM_Base_Start_IT                  0x08002518   Section        0  stm32h7xx_hal_tim.o(i.HAL_TIM_Base_Start_IT)
    i.HAL_TIM_ConfigClockSource              0x080025a4   Section        0  stm32h7xx_hal_tim.o(i.HAL_TIM_ConfigClockSource)
    i.HAL_TIM_IC_CaptureCallback             0x080026a0   Section        0  stm32h7xx_hal_tim.o(i.HAL_TIM_IC_CaptureCallback)
    i.HAL_TIM_IRQHandler                     0x080026a2   Section        0  stm32h7xx_hal_tim.o(i.HAL_TIM_IRQHandler)
    i.HAL_TIM_OC_DelayElapsedCallback        0x08002826   Section        0  stm32h7xx_hal_tim.o(i.HAL_TIM_OC_DelayElapsedCallback)
    i.HAL_TIM_PWM_PulseFinishedCallback      0x08002828   Section        0  stm32h7xx_hal_tim.o(i.HAL_TIM_PWM_PulseFinishedCallback)
    i.HAL_TIM_PeriodElapsedCallback          0x0800282a   Section        0  main.o(i.HAL_TIM_PeriodElapsedCallback)
    i.HAL_TIM_SlaveConfigSynchro             0x08002838   Section        0  stm32h7xx_hal_tim.o(i.HAL_TIM_SlaveConfigSynchro)
    i.HAL_TIM_TriggerCallback                0x0800288a   Section        0  stm32h7xx_hal_tim.o(i.HAL_TIM_TriggerCallback)
    i.HAL_UARTEx_DisableFifoMode             0x0800288c   Section        0  stm32h7xx_hal_uart_ex.o(i.HAL_UARTEx_DisableFifoMode)
    i.HAL_UARTEx_RxEventCallback             0x080028ca   Section        0  stm32h7xx_hal_uart.o(i.HAL_UARTEx_RxEventCallback)
    i.HAL_UARTEx_RxFifoFullCallback          0x080028cc   Section        0  stm32h7xx_hal_uart_ex.o(i.HAL_UARTEx_RxFifoFullCallback)
    i.HAL_UARTEx_SetRxFifoThreshold          0x080028ce   Section        0  stm32h7xx_hal_uart_ex.o(i.HAL_UARTEx_SetRxFifoThreshold)
    i.HAL_UARTEx_SetTxFifoThreshold          0x0800291a   Section        0  stm32h7xx_hal_uart_ex.o(i.HAL_UARTEx_SetTxFifoThreshold)
    i.HAL_UARTEx_TxFifoEmptyCallback         0x08002966   Section        0  stm32h7xx_hal_uart_ex.o(i.HAL_UARTEx_TxFifoEmptyCallback)
    i.HAL_UARTEx_WakeupCallback              0x08002968   Section        0  stm32h7xx_hal_uart_ex.o(i.HAL_UARTEx_WakeupCallback)
    i.HAL_UART_ErrorCallback                 0x0800296a   Section        0  stm32h7xx_hal_uart.o(i.HAL_UART_ErrorCallback)
    i.HAL_UART_GetState                      0x0800296c   Section        0  stm32h7xx_hal_uart.o(i.HAL_UART_GetState)
    i.HAL_UART_IRQHandler                    0x08002978   Section        0  stm32h7xx_hal_uart.o(i.HAL_UART_IRQHandler)
    i.HAL_UART_Init                          0x08002cd4   Section        0  stm32h7xx_hal_uart.o(i.HAL_UART_Init)
    i.HAL_UART_MspInit                       0x08002d40   Section        0  usart.o(i.HAL_UART_MspInit)
    i.HAL_UART_Receive_IT                    0x08002dd0   Section        0  stm32h7xx_hal_uart.o(i.HAL_UART_Receive_IT)
    i.HAL_UART_RxCpltCallback                0x08002e24   Section        0  stm32h7xx_it.o(i.HAL_UART_RxCpltCallback)
    i.HAL_UART_Transmit                      0x08002e7c   Section        0  stm32h7xx_hal_uart.o(i.HAL_UART_Transmit)
    i.HAL_UART_TxCpltCallback                0x08002f38   Section        0  stm32h7xx_hal_uart.o(i.HAL_UART_TxCpltCallback)
    i.HardFault_Handler                      0x08002f3a   Section        0  stm32h7xx_it.o(i.HardFault_Handler)
    i.MX_FREERTOS_Init                       0x08002f3c   Section        0  freertos.o(i.MX_FREERTOS_Init)
    i.MX_GPIO_Init                           0x08002f8c   Section        0  gpio.o(i.MX_GPIO_Init)
    i.MX_TIM1_Init                           0x0800302c   Section        0  tim.o(i.MX_TIM1_Init)
    i.MX_USART2_UART_Init                    0x080030b4   Section        0  usart.o(i.MX_USART2_UART_Init)
    i.MemManage_Handler                      0x0800311c   Section        0  stm32h7xx_it.o(i.MemManage_Handler)
    i.NMI_Handler                            0x0800311e   Section        0  stm32h7xx_it.o(i.NMI_Handler)
    i.RCCEx_PLL2_Config                      0x08003120   Section        0  stm32h7xx_hal_rcc_ex.o(i.RCCEx_PLL2_Config)
    RCCEx_PLL2_Config                        0x08003121   Thumb Code   270  stm32h7xx_hal_rcc_ex.o(i.RCCEx_PLL2_Config)
    i.RCCEx_PLL3_Config                      0x08003234   Section        0  stm32h7xx_hal_rcc_ex.o(i.RCCEx_PLL3_Config)
    RCCEx_PLL3_Config                        0x08003235   Thumb Code   270  stm32h7xx_hal_rcc_ex.o(i.RCCEx_PLL3_Config)
    i.StartDefaultTask                       0x08003348   Section        0  freertos.o(i.StartDefaultTask)
    i.StartTaskLED                           0x08003378   Section        0  freertos.o(i.StartTaskLED)
    i.SysTick_Handler                        0x080033a8   Section        0  port.o(i.SysTick_Handler)
    i.SystemClock_Config                     0x080033d4   Section        0  main.o(i.SystemClock_Config)
    i.SystemInit                             0x0800347c   Section        0  system_stm32h7xx.o(i.SystemInit)
    i.TIM1_BRK_IRQHandler                    0x08003558   Section        0  stm32h7xx_it.o(i.TIM1_BRK_IRQHandler)
    i.TIM2_IRQHandler                        0x08003564   Section        0  stm32h7xx_it.o(i.TIM2_IRQHandler)
    i.TIM_Base_SetConfig                     0x08003570   Section        0  stm32h7xx_hal_tim.o(i.TIM_Base_SetConfig)
    i.TIM_ETR_SetConfig                      0x08003630   Section        0  stm32h7xx_hal_tim.o(i.TIM_ETR_SetConfig)
    i.TIM_ITRx_SetConfig                     0x08003644   Section        0  stm32h7xx_hal_tim.o(i.TIM_ITRx_SetConfig)
    TIM_ITRx_SetConfig                       0x08003645   Thumb Code    16  stm32h7xx_hal_tim.o(i.TIM_ITRx_SetConfig)
    i.TIM_SlaveTimer_SetConfig               0x08003658   Section        0  stm32h7xx_hal_tim.o(i.TIM_SlaveTimer_SetConfig)
    TIM_SlaveTimer_SetConfig                 0x08003659   Thumb Code   196  stm32h7xx_hal_tim.o(i.TIM_SlaveTimer_SetConfig)
    i.TIM_TI1_ConfigInputStage               0x0800372c   Section        0  stm32h7xx_hal_tim.o(i.TIM_TI1_ConfigInputStage)
    TIM_TI1_ConfigInputStage                 0x0800372d   Thumb Code    34  stm32h7xx_hal_tim.o(i.TIM_TI1_ConfigInputStage)
    i.TIM_TI2_ConfigInputStage               0x0800374e   Section        0  stm32h7xx_hal_tim.o(i.TIM_TI2_ConfigInputStage)
    TIM_TI2_ConfigInputStage                 0x0800374f   Thumb Code    36  stm32h7xx_hal_tim.o(i.TIM_TI2_ConfigInputStage)
    i.UARTEx_SetNbDataToProcess              0x08003774   Section        0  stm32h7xx_hal_uart_ex.o(i.UARTEx_SetNbDataToProcess)
    UARTEx_SetNbDataToProcess                0x08003775   Thumb Code    62  stm32h7xx_hal_uart_ex.o(i.UARTEx_SetNbDataToProcess)
    i.UART_AdvFeatureConfig                  0x080037b8   Section        0  stm32h7xx_hal_uart.o(i.UART_AdvFeatureConfig)
    i.UART_CheckIdleState                    0x08003880   Section        0  stm32h7xx_hal_uart.o(i.UART_CheckIdleState)
    i.UART_DMAAbortOnError                   0x080038e0   Section        0  stm32h7xx_hal_uart.o(i.UART_DMAAbortOnError)
    UART_DMAAbortOnError                     0x080038e1   Thumb Code    20  stm32h7xx_hal_uart.o(i.UART_DMAAbortOnError)
    i.UART_EndRxTransfer                     0x080038f4   Section        0  stm32h7xx_hal_uart.o(i.UART_EndRxTransfer)
    UART_EndRxTransfer                       0x080038f5   Thumb Code    78  stm32h7xx_hal_uart.o(i.UART_EndRxTransfer)
    i.UART_RxISR_16BIT                       0x08003948   Section        0  stm32h7xx_hal_uart.o(i.UART_RxISR_16BIT)
    UART_RxISR_16BIT                         0x08003949   Thumb Code   162  stm32h7xx_hal_uart.o(i.UART_RxISR_16BIT)
    i.UART_RxISR_16BIT_FIFOEN                0x080039ec   Section        0  stm32h7xx_hal_uart.o(i.UART_RxISR_16BIT_FIFOEN)
    UART_RxISR_16BIT_FIFOEN                  0x080039ed   Thumb Code   360  stm32h7xx_hal_uart.o(i.UART_RxISR_16BIT_FIFOEN)
    i.UART_RxISR_8BIT                        0x08003b5c   Section        0  stm32h7xx_hal_uart.o(i.UART_RxISR_8BIT)
    UART_RxISR_8BIT                          0x08003b5d   Thumb Code   162  stm32h7xx_hal_uart.o(i.UART_RxISR_8BIT)
    i.UART_RxISR_8BIT_FIFOEN                 0x08003c00   Section        0  stm32h7xx_hal_uart.o(i.UART_RxISR_8BIT_FIFOEN)
    UART_RxISR_8BIT_FIFOEN                   0x08003c01   Thumb Code   360  stm32h7xx_hal_uart.o(i.UART_RxISR_8BIT_FIFOEN)
    i.UART_SetConfig                         0x08003d70   Section        0  stm32h7xx_hal_uart.o(i.UART_SetConfig)
    i.UART_Start_Receive_IT                  0x0800410c   Section        0  stm32h7xx_hal_uart.o(i.UART_Start_Receive_IT)
    i.UART_WaitOnFlagUntilTimeout            0x08004224   Section        0  stm32h7xx_hal_uart.o(i.UART_WaitOnFlagUntilTimeout)
    i.USART2_IRQHandler                      0x080042e8   Section        0  stm32h7xx_it.o(i.USART2_IRQHandler)
    i.UsageFault_Handler                     0x08004330   Section        0  stm32h7xx_it.o(i.UsageFault_Handler)
    i.__0printf$3                            0x08004334   Section        0  printf3.o(i.__0printf$3)
    i.__NVIC_SetPriority                     0x08004354   Section        0  stm32h7xx_hal_cortex.o(i.__NVIC_SetPriority)
    __NVIC_SetPriority                       0x08004355   Thumb Code    32  stm32h7xx_hal_cortex.o(i.__NVIC_SetPriority)
    i.__scatterload_copy                     0x08004374   Section       14  handlers.o(i.__scatterload_copy)
    i.__scatterload_null                     0x08004382   Section        2  handlers.o(i.__scatterload_null)
    i.__scatterload_zeroinit                 0x08004384   Section       14  handlers.o(i.__scatterload_zeroinit)
    i._printf_core                           0x08004394   Section        0  printf3.o(i._printf_core)
    _printf_core                             0x08004395   Thumb Code   436  printf3.o(i._printf_core)
    i.fputc                                  0x0800454c   Section        0  usart.o(i.fputc)
    i.main                                   0x08004564   Section        0  main.o(i.main)
    i.makeFreeRtosPriority                   0x08004608   Section        0  cmsis_os.o(i.makeFreeRtosPriority)
    makeFreeRtosPriority                     0x08004609   Thumb Code    12  cmsis_os.o(i.makeFreeRtosPriority)
    i.osDelay                                0x08004614   Section        0  cmsis_os.o(i.osDelay)
    i.osKernelStart                          0x08004622   Section        0  cmsis_os.o(i.osKernelStart)
    i.osMutexCreate                          0x0800462c   Section        0  cmsis_os.o(i.osMutexCreate)
    i.osThreadCreate                         0x0800463c   Section        0  cmsis_os.o(i.osThreadCreate)
    i.prvAddCurrentTaskToDelayedList         0x08004690   Section        0  tasks.o(i.prvAddCurrentTaskToDelayedList)
    prvAddCurrentTaskToDelayedList           0x08004691   Thumb Code   102  tasks.o(i.prvAddCurrentTaskToDelayedList)
    i.prvAddNewTaskToReadyList               0x08004700   Section        0  tasks.o(i.prvAddNewTaskToReadyList)
    prvAddNewTaskToReadyList                 0x08004701   Thumb Code   196  tasks.o(i.prvAddNewTaskToReadyList)
    i.prvCopyDataToQueue                     0x080047d0   Section        0  queue.o(i.prvCopyDataToQueue)
    prvCopyDataToQueue                       0x080047d1   Thumb Code   108  queue.o(i.prvCopyDataToQueue)
    i.prvDeleteTCB                           0x0800483c   Section        0  tasks.o(i.prvDeleteTCB)
    prvDeleteTCB                             0x0800483d   Thumb Code    52  tasks.o(i.prvDeleteTCB)
    i.prvHeapInit                            0x08004870   Section        0  heap_4.o(i.prvHeapInit)
    prvHeapInit                              0x08004871   Thumb Code    66  heap_4.o(i.prvHeapInit)
    i.prvIdleTask                            0x080048bc   Section        0  tasks.o(i.prvIdleTask)
    prvIdleTask                              0x080048bd   Thumb Code    80  tasks.o(i.prvIdleTask)
    i.prvInitialiseMutex                     0x08004918   Section        0  queue.o(i.prvInitialiseMutex)
    prvInitialiseMutex                       0x08004919   Thumb Code    22  queue.o(i.prvInitialiseMutex)
    i.prvInitialiseNewQueue                  0x0800492e   Section        0  queue.o(i.prvInitialiseNewQueue)
    prvInitialiseNewQueue                    0x0800492f   Thumb Code    32  queue.o(i.prvInitialiseNewQueue)
    i.prvInitialiseNewTask                   0x0800494e   Section        0  tasks.o(i.prvInitialiseNewTask)
    prvInitialiseNewTask                     0x0800494f   Thumb Code   170  tasks.o(i.prvInitialiseNewTask)
    i.prvInsertBlockIntoFreeList             0x080049f8   Section        0  heap_4.o(i.prvInsertBlockIntoFreeList)
    prvInsertBlockIntoFreeList               0x080049f9   Thumb Code    72  heap_4.o(i.prvInsertBlockIntoFreeList)
    i.prvResetNextTaskUnblockTime            0x08004a44   Section        0  tasks.o(i.prvResetNextTaskUnblockTime)
    prvResetNextTaskUnblockTime              0x08004a45   Thumb Code    26  tasks.o(i.prvResetNextTaskUnblockTime)
    i.prvTaskExitError                       0x08004a64   Section        0  port.o(i.prvTaskExitError)
    prvTaskExitError                         0x08004a65   Thumb Code    36  port.o(i.prvTaskExitError)
    i.prvUnlockQueue                         0x08004a8c   Section        0  queue.o(i.prvUnlockQueue)
    prvUnlockQueue                           0x08004a8d   Thumb Code   106  queue.o(i.prvUnlockQueue)
    i.pvPortMalloc                           0x08004af8   Section        0  heap_4.o(i.pvPortMalloc)
    i.pxPortInitialiseStack                  0x08004bd4   Section        0  port.o(i.pxPortInitialiseStack)
    i.uxListRemove                           0x08004c00   Section        0  list.o(i.uxListRemove)
    i.vApplicationGetIdleTaskMemory          0x08004c28   Section        0  freertos.o(i.vApplicationGetIdleTaskMemory)
    i.vListInitialise                        0x08004c3c   Section        0  list.o(i.vListInitialise)
    i.vListInitialiseItem                    0x08004c52   Section        0  list.o(i.vListInitialiseItem)
    i.vListInsert                            0x08004c58   Section        0  list.o(i.vListInsert)
    i.vListInsertEnd                         0x08004c88   Section        0  list.o(i.vListInsertEnd)
    i.vPortEnterCritical                     0x08004ca0   Section        0  port.o(i.vPortEnterCritical)
    i.vPortExitCritical                      0x08004ce0   Section        0  port.o(i.vPortExitCritical)
    i.vPortFree                              0x08004d08   Section        0  heap_4.o(i.vPortFree)
    i.vPortSetupTimerInterrupt               0x08004d6c   Section        0  port.o(i.vPortSetupTimerInterrupt)
    i.vTaskDelay                             0x08004d90   Section        0  tasks.o(i.vTaskDelay)
    i.vTaskInternalSetTimeOutState           0x08004ddc   Section        0  tasks.o(i.vTaskInternalSetTimeOutState)
    i.vTaskMissedYield                       0x08004dec   Section        0  tasks.o(i.vTaskMissedYield)
    i.vTaskPlaceOnEventList                  0x08004df8   Section        0  tasks.o(i.vTaskPlaceOnEventList)
    i.vTaskStartScheduler                    0x08004e28   Section        0  tasks.o(i.vTaskStartScheduler)
    i.vTaskSuspendAll                        0x08004e94   Section        0  tasks.o(i.vTaskSuspendAll)
    i.vTaskSwitchContext                     0x08004ea4   Section        0  tasks.o(i.vTaskSwitchContext)
    i.xPortStartScheduler                    0x08004f00   Section        0  port.o(i.xPortStartScheduler)
    i.xQueueCreateMutex                      0x08004ff4   Section        0  queue.o(i.xQueueCreateMutex)
    i.xQueueCreateMutexStatic                0x0800500a   Section        0  queue.o(i.xQueueCreateMutexStatic)
    i.xQueueGenericCreate                    0x08005024   Section        0  queue.o(i.xQueueGenericCreate)
    i.xQueueGenericCreateStatic              0x08005066   Section        0  queue.o(i.xQueueGenericCreateStatic)
    i.xQueueGenericReset                     0x080050cc   Section        0  queue.o(i.xQueueGenericReset)
    i.xQueueGenericSend                      0x08005154   Section        0  queue.o(i.xQueueGenericSend)
    i.xTaskCheckForTimeOut                   0x080052b8   Section        0  tasks.o(i.xTaskCheckForTimeOut)
    i.xTaskCreate                            0x0800532c   Section        0  tasks.o(i.xTaskCreate)
    i.xTaskCreateStatic                      0x08005386   Section        0  tasks.o(i.xTaskCreateStatic)
    i.xTaskGetSchedulerState                 0x080053e0   Section        0  tasks.o(i.xTaskGetSchedulerState)
    i.xTaskIncrementTick                     0x080053fc   Section        0  tasks.o(i.xTaskIncrementTick)
    i.xTaskPriorityDisinherit                0x080054c8   Section        0  tasks.o(i.xTaskPriorityDisinherit)
    i.xTaskRemoveFromEventList               0x08005560   Section        0  tasks.o(i.xTaskRemoveFromEventList)
    i.xTaskResumeAll                         0x080055d4   Section        0  tasks.o(i.xTaskResumeAll)
    .constdata                               0x08005698   Section       64  freertos.o(.constdata)
    .constdata                               0x080056d8   Section       24  stm32h7xx_hal_uart.o(.constdata)
    .constdata                               0x080056f0   Section       16  stm32h7xx_hal_uart_ex.o(.constdata)
    numerator                                0x080056f0   Data           8  stm32h7xx_hal_uart_ex.o(.constdata)
    denominator                              0x080056f8   Data           8  stm32h7xx_hal_uart_ex.o(.constdata)
    .constdata                               0x08005700   Section       16  system_stm32h7xx.o(.constdata)
    .conststring                             0x08005710   Section       24  freertos.o(.conststring)
    .data                                    0x24000000   Section       12  freertos.o(.data)
    .data                                    0x2400000c   Section        4  stm32h7xx_it.o(.data)
    .data                                    0x24000010   Section        4  stm32h7xx_it.o(.data)
    .data                                    0x24000014   Section       12  stm32h7xx_hal.o(.data)
    .data                                    0x24000020   Section        8  system_stm32h7xx.o(.data)
    .data                                    0x24000028   Section       60  tasks.o(.data)
    uxDeletedTasksWaitingCleanUp             0x2400002c   Data           4  tasks.o(.data)
    uxCurrentNumberOfTasks                   0x24000030   Data           4  tasks.o(.data)
    xTickCount                               0x24000034   Data           4  tasks.o(.data)
    uxTopReadyPriority                       0x24000038   Data           4  tasks.o(.data)
    xSchedulerRunning                        0x2400003c   Data           4  tasks.o(.data)
    xPendedTicks                             0x24000040   Data           4  tasks.o(.data)
    xYieldPending                            0x24000044   Data           4  tasks.o(.data)
    xNumOfOverflows                          0x24000048   Data           4  tasks.o(.data)
    uxTaskNumber                             0x2400004c   Data           4  tasks.o(.data)
    xNextTaskUnblockTime                     0x24000050   Data           4  tasks.o(.data)
    xIdleTaskHandle                          0x24000054   Data           4  tasks.o(.data)
    uxSchedulerSuspended                     0x24000058   Data           4  tasks.o(.data)
    pxDelayedTaskList                        0x2400005c   Data           4  tasks.o(.data)
    pxOverflowDelayedTaskList                0x24000060   Data           4  tasks.o(.data)
    .data                                    0x24000064   Section       32  heap_4.o(.data)
    pxEnd                                    0x24000064   Data           4  heap_4.o(.data)
    xFreeBytesRemaining                      0x24000068   Data           4  heap_4.o(.data)
    xMinimumEverFreeBytesRemaining           0x2400006c   Data           4  heap_4.o(.data)
    xNumberOfSuccessfulAllocations           0x24000070   Data           4  heap_4.o(.data)
    xNumberOfSuccessfulFrees                 0x24000074   Data           4  heap_4.o(.data)
    xBlockAllocatedBit                       0x24000078   Data           4  heap_4.o(.data)
    xStart                                   0x2400007c   Data           8  heap_4.o(.data)
    .data                                    0x24000084   Section       12  port.o(.data)
    ucMaxSysCallPriority                     0x24000084   Data           1  port.o(.data)
    uxCriticalNesting                        0x24000088   Data           4  port.o(.data)
    ulMaxPRIGROUPValue                       0x2400008c   Data           4  port.o(.data)
    .bss                                     0x24000090   Section       80  freertos.o(.bss)
    .bss                                     0x240000e0   Section      604  freertos.o(.bss)
    xIdleTaskTCBBuffer                       0x240000e0   Data          92  freertos.o(.bss)
    xIdleStack                               0x2400013c   Data         512  freertos.o(.bss)
    .bss                                     0x2400033c   Section       76  tim.o(.bss)
    .bss                                     0x24000388   Section      144  usart.o(.bss)
    .bss                                     0x24000418   Section      344  stm32h7xx_it.o(.bss)
    .bss                                     0x24000570   Section       76  stm32h7xx_hal_timebase_tim.o(.bss)
    .bss                                     0x240005bc   Section      240  tasks.o(.bss)
    pxReadyTasksLists                        0x240005bc   Data         140  tasks.o(.bss)
    xDelayedTaskList1                        0x24000648   Data          20  tasks.o(.bss)
    xDelayedTaskList2                        0x2400065c   Data          20  tasks.o(.bss)
    xPendingReadyList                        0x24000670   Data          20  tasks.o(.bss)
    xTasksWaitingTermination                 0x24000684   Data          20  tasks.o(.bss)
    xSuspendedTaskList                       0x24000698   Data          20  tasks.o(.bss)
    .bss                                     0x240006ac   Section    15360  heap_4.o(.bss)
    ucHeap                                   0x240006ac   Data       15360  heap_4.o(.bss)
    STACK                                    0x240042b0   Section     1024  startup_stm32h743xx.o(STACK)
    .ARM.__AT_0x30040000                     0x30040000   Section       96  ethernetif.o(.ARM.__AT_0x30040000)
    .ARM.__AT_0x30040060                     0x30040060   Section       96  ethernetif.o(.ARM.__AT_0x30040060)
    .ARM.__AT_0x30040200                     0x30040200   Section     6096  ethernetif.o(.ARM.__AT_0x30040200)

    Global Symbols

    Symbol Name                              Value     Ov Type        Size  Object(Section)

    BuildAttributes$$THM_ISAv4$E$P$D$K$B$S$7EM$VFPv5_D16$PE$PLD8$A:L22UL41UL21$X:L11$S22US41US21$IEEE1$IW$USESV6$~STKCKD$USESV7$~SHL$OTIME$ROPI$EBA8$MICROLIB$REQ8$PRES8$EABIv2 0x00000000   Number         0  anon$$obj.o ABSOLUTE
    __ARM_use_no_argv                        0x00000000   Number         0  main.o ABSOLUTE
    _printf_a                                0x00000000   Number         0  stubs.o ABSOLUTE
    _printf_c                                0x00000000   Number         0  stubs.o ABSOLUTE
    _printf_charcount                        0x00000000   Number         0  stubs.o ABSOLUTE
    _printf_d                                0x00000000   Number         0  stubs.o ABSOLUTE
    _printf_e                                0x00000000   Number         0  stubs.o ABSOLUTE
    _printf_f                                0x00000000   Number         0  stubs.o ABSOLUTE
    _printf_flags                            0x00000000   Number         0  stubs.o ABSOLUTE
    _printf_fp_dec                           0x00000000   Number         0  stubs.o ABSOLUTE
    _printf_fp_hex                           0x00000000   Number         0  stubs.o ABSOLUTE
    _printf_g                                0x00000000   Number         0  stubs.o ABSOLUTE
    _printf_i                                0x00000000   Number         0  stubs.o ABSOLUTE
    _printf_int_dec                          0x00000000   Number         0  stubs.o ABSOLUTE
    _printf_l                                0x00000000   Number         0  stubs.o ABSOLUTE
    _printf_lc                               0x00000000   Number         0  stubs.o ABSOLUTE
    _printf_ll                               0x00000000   Number         0  stubs.o ABSOLUTE
    _printf_lld                              0x00000000   Number         0  stubs.o ABSOLUTE
    _printf_lli                              0x00000000   Number         0  stubs.o ABSOLUTE
    _printf_llo                              0x00000000   Number         0  stubs.o ABSOLUTE
    _printf_llu                              0x00000000   Number         0  stubs.o ABSOLUTE
    _printf_llx                              0x00000000   Number         0  stubs.o ABSOLUTE
    _printf_longlong_dec                     0x00000000   Number         0  stubs.o ABSOLUTE
    _printf_longlong_hex                     0x00000000   Number         0  stubs.o ABSOLUTE
    _printf_longlong_oct                     0x00000000   Number         0  stubs.o ABSOLUTE
    _printf_ls                               0x00000000   Number         0  stubs.o ABSOLUTE
    _printf_mbtowc                           0x00000000   Number         0  stubs.o ABSOLUTE
    _printf_n                                0x00000000   Number         0  stubs.o ABSOLUTE
    _printf_o                                0x00000000   Number         0  stubs.o ABSOLUTE
    _printf_p                                0x00000000   Number         0  stubs.o ABSOLUTE
    _printf_percent                          0x00000000   Number         0  stubs.o ABSOLUTE
    _printf_pre_padding                      0x00000000   Number         0  stubs.o ABSOLUTE
    _printf_return_value                     0x00000000   Number         0  stubs.o ABSOLUTE
    _printf_s                                0x00000000   Number         0  stubs.o ABSOLUTE
    _printf_sizespec                         0x00000000   Number         0  stubs.o ABSOLUTE
    _printf_str                              0x00000000   Number         0  stubs.o ABSOLUTE
    _printf_truncate_signed                  0x00000000   Number         0  stubs.o ABSOLUTE
    _printf_truncate_unsigned                0x00000000   Number         0  stubs.o ABSOLUTE
    _printf_u                                0x00000000   Number         0  stubs.o ABSOLUTE
    _printf_wc                               0x00000000   Number         0  stubs.o ABSOLUTE
    _printf_wctomb                           0x00000000   Number         0  stubs.o ABSOLUTE
    _printf_widthprec                        0x00000000   Number         0  stubs.o ABSOLUTE
    _printf_x                                0x00000000   Number         0  stubs.o ABSOLUTE
    __cpp_initialize__aeabi_                  - Undefined Weak Reference
    __cxa_finalize                            - Undefined Weak Reference
    __decompress                              - Undefined Weak Reference
    _clock_init                               - Undefined Weak Reference
    _microlib_exit                            - Undefined Weak Reference
    __Vectors_Size                           0x00000298   Number         0  startup_stm32h743xx.o ABSOLUTE
    __Vectors                                0x08000000   Data           4  startup_stm32h743xx.o(RESET)
    __Vectors_End                            0x08000298   Data           0  startup_stm32h743xx.o(RESET)
    __main                                   0x08000299   Thumb Code     0  entry.o(.ARM.Collect$$$$00000000)
    _main_stk                                0x08000299   Thumb Code     0  entry2.o(.ARM.Collect$$$$00000001)
    _main_scatterload                        0x0800029d   Thumb Code     0  entry5.o(.ARM.Collect$$$$00000004)
    __main_after_scatterload                 0x080002a1   Thumb Code     0  entry5.o(.ARM.Collect$$$$00000004)
    _main_clock                              0x080002a1   Thumb Code     0  entry7b.o(.ARM.Collect$$$$00000008)
    _main_cpp_init                           0x080002a1   Thumb Code     0  entry8b.o(.ARM.Collect$$$$0000000A)
    _main_init                               0x080002a1   Thumb Code     0  entry9a.o(.ARM.Collect$$$$0000000B)
    __rt_final_cpp                           0x080002a9   Thumb Code     0  entry10a.o(.ARM.Collect$$$$0000000D)
    __rt_final_exit                          0x080002a9   Thumb Code     0  entry11a.o(.ARM.Collect$$$$0000000F)
    SVC_Handler                              0x080002ad   Thumb Code    28  port.o(.emb_text)
    __asm___6_port_c_39a90d8d__prvStartFirstTask 0x080002cd   Thumb Code    36  port.o(.emb_text)
    __asm___6_port_c_39a90d8d__prvEnableVFP  0x080002f5   Thumb Code    16  port.o(.emb_text)
    PendSV_Handler                           0x08000309   Thumb Code    88  port.o(.emb_text)
    vPortGetIPSR                             0x08000365   Thumb Code     6  port.o(.emb_text)
    Reset_Handler                            0x0800036d   Thumb Code     8  startup_stm32h743xx.o(.text)
    ADC3_IRQHandler                          0x08000387   Thumb Code     0  startup_stm32h743xx.o(.text)
    ADC_IRQHandler                           0x08000387   Thumb Code     0  startup_stm32h743xx.o(.text)
    BDMA_Channel0_IRQHandler                 0x08000387   Thumb Code     0  startup_stm32h743xx.o(.text)
    BDMA_Channel1_IRQHandler                 0x08000387   Thumb Code     0  startup_stm32h743xx.o(.text)
    BDMA_Channel2_IRQHandler                 0x08000387   Thumb Code     0  startup_stm32h743xx.o(.text)
    BDMA_Channel3_IRQHandler                 0x08000387   Thumb Code     0  startup_stm32h743xx.o(.text)
    BDMA_Channel4_IRQHandler                 0x08000387   Thumb Code     0  startup_stm32h743xx.o(.text)
    BDMA_Channel5_IRQHandler                 0x08000387   Thumb Code     0  startup_stm32h743xx.o(.text)
    BDMA_Channel6_IRQHandler                 0x08000387   Thumb Code     0  startup_stm32h743xx.o(.text)
    BDMA_Channel7_IRQHandler                 0x08000387   Thumb Code     0  startup_stm32h743xx.o(.text)
    CEC_IRQHandler                           0x08000387   Thumb Code     0  startup_stm32h743xx.o(.text)
    COMP1_IRQHandler                         0x08000387   Thumb Code     0  startup_stm32h743xx.o(.text)
    CRS_IRQHandler                           0x08000387   Thumb Code     0  startup_stm32h743xx.o(.text)
    DCMI_IRQHandler                          0x08000387   Thumb Code     0  startup_stm32h743xx.o(.text)
    DFSDM1_FLT0_IRQHandler                   0x08000387   Thumb Code     0  startup_stm32h743xx.o(.text)
    DFSDM1_FLT1_IRQHandler                   0x08000387   Thumb Code     0  startup_stm32h743xx.o(.text)
    DFSDM1_FLT2_IRQHandler                   0x08000387   Thumb Code     0  startup_stm32h743xx.o(.text)
    DFSDM1_FLT3_IRQHandler                   0x08000387   Thumb Code     0  startup_stm32h743xx.o(.text)
    DMA1_Stream0_IRQHandler                  0x08000387   Thumb Code     0  startup_stm32h743xx.o(.text)
    DMA1_Stream1_IRQHandler                  0x08000387   Thumb Code     0  startup_stm32h743xx.o(.text)
    DMA1_Stream2_IRQHandler                  0x08000387   Thumb Code     0  startup_stm32h743xx.o(.text)
    DMA1_Stream3_IRQHandler                  0x08000387   Thumb Code     0  startup_stm32h743xx.o(.text)
    DMA1_Stream4_IRQHandler                  0x08000387   Thumb Code     0  startup_stm32h743xx.o(.text)
    DMA1_Stream5_IRQHandler                  0x08000387   Thumb Code     0  startup_stm32h743xx.o(.text)
    DMA1_Stream6_IRQHandler                  0x08000387   Thumb Code     0  startup_stm32h743xx.o(.text)
    DMA1_Stream7_IRQHandler                  0x08000387   Thumb Code     0  startup_stm32h743xx.o(.text)
    DMA2D_IRQHandler                         0x08000387   Thumb Code     0  startup_stm32h743xx.o(.text)
    DMA2_Stream0_IRQHandler                  0x08000387   Thumb Code     0  startup_stm32h743xx.o(.text)
    DMA2_Stream1_IRQHandler                  0x08000387   Thumb Code     0  startup_stm32h743xx.o(.text)
    DMA2_Stream2_IRQHandler                  0x08000387   Thumb Code     0  startup_stm32h743xx.o(.text)
    DMA2_Stream3_IRQHandler                  0x08000387   Thumb Code     0  startup_stm32h743xx.o(.text)
    DMA2_Stream4_IRQHandler                  0x08000387   Thumb Code     0  startup_stm32h743xx.o(.text)
    DMA2_Stream5_IRQHandler                  0x08000387   Thumb Code     0  startup_stm32h743xx.o(.text)
    DMA2_Stream6_IRQHandler                  0x08000387   Thumb Code     0  startup_stm32h743xx.o(.text)
    DMA2_Stream7_IRQHandler                  0x08000387   Thumb Code     0  startup_stm32h743xx.o(.text)
    DMAMUX1_OVR_IRQHandler                   0x08000387   Thumb Code     0  startup_stm32h743xx.o(.text)
    DMAMUX2_OVR_IRQHandler                   0x08000387   Thumb Code     0  startup_stm32h743xx.o(.text)
    ECC_IRQHandler                           0x08000387   Thumb Code     0  startup_stm32h743xx.o(.text)
    ETH_IRQHandler                           0x08000387   Thumb Code     0  startup_stm32h743xx.o(.text)
    ETH_WKUP_IRQHandler                      0x08000387   Thumb Code     0  startup_stm32h743xx.o(.text)
    EXTI0_IRQHandler                         0x08000387   Thumb Code     0  startup_stm32h743xx.o(.text)
    EXTI15_10_IRQHandler                     0x08000387   Thumb Code     0  startup_stm32h743xx.o(.text)
    EXTI1_IRQHandler                         0x08000387   Thumb Code     0  startup_stm32h743xx.o(.text)
    EXTI2_IRQHandler                         0x08000387   Thumb Code     0  startup_stm32h743xx.o(.text)
    EXTI3_IRQHandler                         0x08000387   Thumb Code     0  startup_stm32h743xx.o(.text)
    EXTI4_IRQHandler                         0x08000387   Thumb Code     0  startup_stm32h743xx.o(.text)
    EXTI9_5_IRQHandler                       0x08000387   Thumb Code     0  startup_stm32h743xx.o(.text)
    FDCAN1_IT0_IRQHandler                    0x08000387   Thumb Code     0  startup_stm32h743xx.o(.text)
    FDCAN1_IT1_IRQHandler                    0x08000387   Thumb Code     0  startup_stm32h743xx.o(.text)
    FDCAN2_IT0_IRQHandler                    0x08000387   Thumb Code     0  startup_stm32h743xx.o(.text)
    FDCAN2_IT1_IRQHandler                    0x08000387   Thumb Code     0  startup_stm32h743xx.o(.text)
    FDCAN_CAL_IRQHandler                     0x08000387   Thumb Code     0  startup_stm32h743xx.o(.text)
    FLASH_IRQHandler                         0x08000387   Thumb Code     0  startup_stm32h743xx.o(.text)
    FMC_IRQHandler                           0x08000387   Thumb Code     0  startup_stm32h743xx.o(.text)
    FPU_IRQHandler                           0x08000387   Thumb Code     0  startup_stm32h743xx.o(.text)
    HRTIM1_FLT_IRQHandler                    0x08000387   Thumb Code     0  startup_stm32h743xx.o(.text)
    HRTIM1_Master_IRQHandler                 0x08000387   Thumb Code     0  startup_stm32h743xx.o(.text)
    HRTIM1_TIMA_IRQHandler                   0x08000387   Thumb Code     0  startup_stm32h743xx.o(.text)
    HRTIM1_TIMB_IRQHandler                   0x08000387   Thumb Code     0  startup_stm32h743xx.o(.text)
    HRTIM1_TIMC_IRQHandler                   0x08000387   Thumb Code     0  startup_stm32h743xx.o(.text)
    HRTIM1_TIMD_IRQHandler                   0x08000387   Thumb Code     0  startup_stm32h743xx.o(.text)
    HRTIM1_TIME_IRQHandler                   0x08000387   Thumb Code     0  startup_stm32h743xx.o(.text)
    HSEM1_IRQHandler                         0x08000387   Thumb Code     0  startup_stm32h743xx.o(.text)
    I2C1_ER_IRQHandler                       0x08000387   Thumb Code     0  startup_stm32h743xx.o(.text)
    I2C1_EV_IRQHandler                       0x08000387   Thumb Code     0  startup_stm32h743xx.o(.text)
    I2C2_ER_IRQHandler                       0x08000387   Thumb Code     0  startup_stm32h743xx.o(.text)
    I2C2_EV_IRQHandler                       0x08000387   Thumb Code     0  startup_stm32h743xx.o(.text)
    I2C3_ER_IRQHandler                       0x08000387   Thumb Code     0  startup_stm32h743xx.o(.text)
    I2C3_EV_IRQHandler                       0x08000387   Thumb Code     0  startup_stm32h743xx.o(.text)
    I2C4_ER_IRQHandler                       0x08000387   Thumb Code     0  startup_stm32h743xx.o(.text)
    I2C4_EV_IRQHandler                       0x08000387   Thumb Code     0  startup_stm32h743xx.o(.text)
    JPEG_IRQHandler                          0x08000387   Thumb Code     0  startup_stm32h743xx.o(.text)
    LPTIM1_IRQHandler                        0x08000387   Thumb Code     0  startup_stm32h743xx.o(.text)
    LPTIM2_IRQHandler                        0x08000387   Thumb Code     0  startup_stm32h743xx.o(.text)
    LPTIM3_IRQHandler                        0x08000387   Thumb Code     0  startup_stm32h743xx.o(.text)
    LPTIM4_IRQHandler                        0x08000387   Thumb Code     0  startup_stm32h743xx.o(.text)
    LPTIM5_IRQHandler                        0x08000387   Thumb Code     0  startup_stm32h743xx.o(.text)
    LPUART1_IRQHandler                       0x08000387   Thumb Code     0  startup_stm32h743xx.o(.text)
    LTDC_ER_IRQHandler                       0x08000387   Thumb Code     0  startup_stm32h743xx.o(.text)
    LTDC_IRQHandler                          0x08000387   Thumb Code     0  startup_stm32h743xx.o(.text)
    MDIOS_IRQHandler                         0x08000387   Thumb Code     0  startup_stm32h743xx.o(.text)
    MDIOS_WKUP_IRQHandler                    0x08000387   Thumb Code     0  startup_stm32h743xx.o(.text)
    MDMA_IRQHandler                          0x08000387   Thumb Code     0  startup_stm32h743xx.o(.text)
    OTG_FS_EP1_IN_IRQHandler                 0x08000387   Thumb Code     0  startup_stm32h743xx.o(.text)
    OTG_FS_EP1_OUT_IRQHandler                0x08000387   Thumb Code     0  startup_stm32h743xx.o(.text)
    OTG_FS_IRQHandler                        0x08000387   Thumb Code     0  startup_stm32h743xx.o(.text)
    OTG_FS_WKUP_IRQHandler                   0x08000387   Thumb Code     0  startup_stm32h743xx.o(.text)
    OTG_HS_EP1_IN_IRQHandler                 0x08000387   Thumb Code     0  startup_stm32h743xx.o(.text)
    OTG_HS_EP1_OUT_IRQHandler                0x08000387   Thumb Code     0  startup_stm32h743xx.o(.text)
    OTG_HS_IRQHandler                        0x08000387   Thumb Code     0  startup_stm32h743xx.o(.text)
    OTG_HS_WKUP_IRQHandler                   0x08000387   Thumb Code     0  startup_stm32h743xx.o(.text)
    PVD_AVD_IRQHandler                       0x08000387   Thumb Code     0  startup_stm32h743xx.o(.text)
    QUADSPI_IRQHandler                       0x08000387   Thumb Code     0  startup_stm32h743xx.o(.text)
    RCC_IRQHandler                           0x08000387   Thumb Code     0  startup_stm32h743xx.o(.text)
    RNG_IRQHandler                           0x08000387   Thumb Code     0  startup_stm32h743xx.o(.text)
    RTC_Alarm_IRQHandler                     0x08000387   Thumb Code     0  startup_stm32h743xx.o(.text)
    RTC_WKUP_IRQHandler                      0x08000387   Thumb Code     0  startup_stm32h743xx.o(.text)
    SAI1_IRQHandler                          0x08000387   Thumb Code     0  startup_stm32h743xx.o(.text)
    SAI2_IRQHandler                          0x08000387   Thumb Code     0  startup_stm32h743xx.o(.text)
    SAI3_IRQHandler                          0x08000387   Thumb Code     0  startup_stm32h743xx.o(.text)
    SAI4_IRQHandler                          0x08000387   Thumb Code     0  startup_stm32h743xx.o(.text)
    SDMMC1_IRQHandler                        0x08000387   Thumb Code     0  startup_stm32h743xx.o(.text)
    SDMMC2_IRQHandler                        0x08000387   Thumb Code     0  startup_stm32h743xx.o(.text)
    SPDIF_RX_IRQHandler                      0x08000387   Thumb Code     0  startup_stm32h743xx.o(.text)
    SPI1_IRQHandler                          0x08000387   Thumb Code     0  startup_stm32h743xx.o(.text)
    SPI2_IRQHandler                          0x08000387   Thumb Code     0  startup_stm32h743xx.o(.text)
    SPI3_IRQHandler                          0x08000387   Thumb Code     0  startup_stm32h743xx.o(.text)
    SPI4_IRQHandler                          0x08000387   Thumb Code     0  startup_stm32h743xx.o(.text)
    SPI5_IRQHandler                          0x08000387   Thumb Code     0  startup_stm32h743xx.o(.text)
    SPI6_IRQHandler                          0x08000387   Thumb Code     0  startup_stm32h743xx.o(.text)
    SWPMI1_IRQHandler                        0x08000387   Thumb Code     0  startup_stm32h743xx.o(.text)
    TAMP_STAMP_IRQHandler                    0x08000387   Thumb Code     0  startup_stm32h743xx.o(.text)
    TIM15_IRQHandler                         0x08000387   Thumb Code     0  startup_stm32h743xx.o(.text)
    TIM16_IRQHandler                         0x08000387   Thumb Code     0  startup_stm32h743xx.o(.text)
    TIM17_IRQHandler                         0x08000387   Thumb Code     0  startup_stm32h743xx.o(.text)
    TIM1_CC_IRQHandler                       0x08000387   Thumb Code     0  startup_stm32h743xx.o(.text)
    TIM1_TRG_COM_IRQHandler                  0x08000387   Thumb Code     0  startup_stm32h743xx.o(.text)
    TIM1_UP_IRQHandler                       0x08000387   Thumb Code     0  startup_stm32h743xx.o(.text)
    TIM3_IRQHandler                          0x08000387   Thumb Code     0  startup_stm32h743xx.o(.text)
    TIM4_IRQHandler                          0x08000387   Thumb Code     0  startup_stm32h743xx.o(.text)
    TIM5_IRQHandler                          0x08000387   Thumb Code     0  startup_stm32h743xx.o(.text)
    TIM6_DAC_IRQHandler                      0x08000387   Thumb Code     0  startup_stm32h743xx.o(.text)
    TIM7_IRQHandler                          0x08000387   Thumb Code     0  startup_stm32h743xx.o(.text)
    TIM8_BRK_TIM12_IRQHandler                0x08000387   Thumb Code     0  startup_stm32h743xx.o(.text)
    TIM8_CC_IRQHandler                       0x08000387   Thumb Code     0  startup_stm32h743xx.o(.text)
    TIM8_TRG_COM_TIM14_IRQHandler            0x08000387   Thumb Code     0  startup_stm32h743xx.o(.text)
    TIM8_UP_TIM13_IRQHandler                 0x08000387   Thumb Code     0  startup_stm32h743xx.o(.text)
    UART4_IRQHandler                         0x08000387   Thumb Code     0  startup_stm32h743xx.o(.text)
    UART5_IRQHandler                         0x08000387   Thumb Code     0  startup_stm32h743xx.o(.text)
    UART7_IRQHandler                         0x08000387   Thumb Code     0  startup_stm32h743xx.o(.text)
    UART8_IRQHandler                         0x08000387   Thumb Code     0  startup_stm32h743xx.o(.text)
    USART1_IRQHandler                        0x08000387   Thumb Code     0  startup_stm32h743xx.o(.text)
    USART3_IRQHandler                        0x08000387   Thumb Code     0  startup_stm32h743xx.o(.text)
    USART6_IRQHandler                        0x08000387   Thumb Code     0  startup_stm32h743xx.o(.text)
    WAKEUP_PIN_IRQHandler                    0x08000387   Thumb Code     0  startup_stm32h743xx.o(.text)
    WWDG_IRQHandler                          0x08000387   Thumb Code     0  startup_stm32h743xx.o(.text)
    __aeabi_uldivmod                         0x08000391   Thumb Code    98  uldiv.o(.text)
    ___aeabi_memcpy8$move                    0x080003f3   Thumb Code     0  memmovea.o(.text)
    __aeabi_memcpy                           0x080003f3   Thumb Code    64  memmovea.o(.text)
    __aeabi_memcpy4                          0x080003f3   Thumb Code     0  memmovea.o(.text)
    __aeabi_memmove                          0x080003f3   Thumb Code     0  memmovea.o(.text)
    __aeabi_memmove4                         0x080003f3   Thumb Code     0  memmovea.o(.text)
    __aeabi_memmove8                         0x080003f3   Thumb Code     0  memmovea.o(.text)
    __aeabi_memset                           0x08000433   Thumb Code    14  memseta.o(.text)
    __aeabi_memset4                          0x08000433   Thumb Code     0  memseta.o(.text)
    __aeabi_memset8                          0x08000433   Thumb Code     0  memseta.o(.text)
    __aeabi_memclr                           0x08000441   Thumb Code     4  memseta.o(.text)
    __aeabi_memclr4                          0x08000441   Thumb Code     0  memseta.o(.text)
    __aeabi_memclr8                          0x08000441   Thumb Code     0  memseta.o(.text)
    memset                                   0x08000445   Thumb Code    18  memseta.o(.text)
    __aeabi_uidiv                            0x08000457   Thumb Code     0  uidiv.o(.text)
    __aeabi_uidivmod                         0x08000457   Thumb Code    44  uidiv.o(.text)
    __aeabi_llsl                             0x08000483   Thumb Code    30  llshl.o(.text)
    _ll_shift_l                              0x08000483   Thumb Code     0  llshl.o(.text)
    __aeabi_llsr                             0x080004a1   Thumb Code    32  llushr.o(.text)
    _ll_ushift_r                             0x080004a1   Thumb Code     0  llushr.o(.text)
    __scatterload                            0x080004c1   Thumb Code    28  init.o(.text)
    __scatterload_rt2                        0x080004c1   Thumb Code     0  init.o(.text)
    BusFault_Handler                         0x080004e5   Thumb Code     2  stm32h7xx_it.o(i.BusFault_Handler)
    DebugMon_Handler                         0x080004e7   Thumb Code     2  stm32h7xx_it.o(i.DebugMon_Handler)
    Error_Handler                            0x080004e9   Thumb Code     4  main.o(i.Error_Handler)
    HAL_DMA_Abort                            0x080004ed   Thumb Code   850  stm32h7xx_hal_dma.o(i.HAL_DMA_Abort)
    HAL_DMA_Abort_IT                         0x0800084d   Thumb Code   606  stm32h7xx_hal_dma.o(i.HAL_DMA_Abort_IT)
    HAL_GPIO_Init                            0x08000ab9   Thumb Code   426  stm32h7xx_hal_gpio.o(i.HAL_GPIO_Init)
    HAL_GPIO_TogglePin                       0x08000c95   Thumb Code    16  stm32h7xx_hal_gpio.o(i.HAL_GPIO_TogglePin)
    HAL_GPIO_WritePin                        0x08000ca5   Thumb Code    10  stm32h7xx_hal_gpio.o(i.HAL_GPIO_WritePin)
    HAL_GetREVID                             0x08000cb1   Thumb Code     8  stm32h7xx_hal.o(i.HAL_GetREVID)
    HAL_GetTick                              0x08000cbd   Thumb Code     6  stm32h7xx_hal.o(i.HAL_GetTick)
    HAL_IncTick                              0x08000cc9   Thumb Code    12  stm32h7xx_hal.o(i.HAL_IncTick)
    HAL_Init                                 0x08000cd9   Thumb Code    74  stm32h7xx_hal.o(i.HAL_Init)
    HAL_InitTick                             0x08000d35   Thumb Code   122  stm32h7xx_hal_timebase_tim.o(i.HAL_InitTick)
    HAL_MspInit                              0x08000dc1   Thumb Code    32  stm32h7xx_hal_msp.o(i.HAL_MspInit)
    HAL_NVIC_EnableIRQ                       0x08000de5   Thumb Code    26  stm32h7xx_hal_cortex.o(i.HAL_NVIC_EnableIRQ)
    HAL_NVIC_SetPriority                     0x08000e01   Thumb Code    60  stm32h7xx_hal_cortex.o(i.HAL_NVIC_SetPriority)
    HAL_NVIC_SetPriorityGrouping             0x08000e41   Thumb Code    26  stm32h7xx_hal_cortex.o(i.HAL_NVIC_SetPriorityGrouping)
    HAL_PWREx_ConfigSupply                   0x08000e65   Thumb Code    76  stm32h7xx_hal_pwr_ex.o(i.HAL_PWREx_ConfigSupply)
    HAL_RCCEx_GetD3PCLK1Freq                 0x08000eb5   Thumb Code    26  stm32h7xx_hal_rcc_ex.o(i.HAL_RCCEx_GetD3PCLK1Freq)
    HAL_RCCEx_GetPLL2ClockFreq               0x08000ed9   Thumb Code   290  stm32h7xx_hal_rcc_ex.o(i.HAL_RCCEx_GetPLL2ClockFreq)
    HAL_RCCEx_GetPLL3ClockFreq               0x08001015   Thumb Code   290  stm32h7xx_hal_rcc_ex.o(i.HAL_RCCEx_GetPLL3ClockFreq)
    HAL_RCCEx_PeriphCLKConfig                0x08001151   Thumb Code  2256  stm32h7xx_hal_rcc_ex.o(i.HAL_RCCEx_PeriphCLKConfig)
    HAL_RCC_ClockConfig                      0x08001a25   Thumb Code   590  stm32h7xx_hal_rcc.o(i.HAL_RCC_ClockConfig)
    HAL_RCC_GetClockConfig                   0x08001c95   Thumb Code    86  stm32h7xx_hal_rcc.o(i.HAL_RCC_GetClockConfig)
    HAL_RCC_GetHCLKFreq                      0x08001cf5   Thumb Code    52  stm32h7xx_hal_rcc.o(i.HAL_RCC_GetHCLKFreq)
    HAL_RCC_GetPCLK1Freq                     0x08001d39   Thumb Code    26  stm32h7xx_hal_rcc.o(i.HAL_RCC_GetPCLK1Freq)
    HAL_RCC_GetPCLK2Freq                     0x08001d5d   Thumb Code    26  stm32h7xx_hal_rcc.o(i.HAL_RCC_GetPCLK2Freq)
    HAL_RCC_GetSysClockFreq                  0x08001d81   Thumb Code   270  stm32h7xx_hal_rcc.o(i.HAL_RCC_GetSysClockFreq)
    HAL_RCC_OscConfig                        0x08001eb1   Thumb Code  1304  stm32h7xx_hal_rcc.o(i.HAL_RCC_OscConfig)
    HAL_TIMEx_Break2Callback                 0x080023cd   Thumb Code     2  stm32h7xx_hal_tim_ex.o(i.HAL_TIMEx_Break2Callback)
    HAL_TIMEx_BreakCallback                  0x080023cf   Thumb Code     2  stm32h7xx_hal_tim_ex.o(i.HAL_TIMEx_BreakCallback)
    HAL_TIMEx_CommutCallback                 0x080023d1   Thumb Code     2  stm32h7xx_hal_tim_ex.o(i.HAL_TIMEx_CommutCallback)
    HAL_TIMEx_MasterConfigSynchronization    0x080023d5   Thumb Code   136  stm32h7xx_hal_tim_ex.o(i.HAL_TIMEx_MasterConfigSynchronization)
    HAL_TIM_Base_Init                        0x08002479   Thumb Code    98  stm32h7xx_hal_tim.o(i.HAL_TIM_Base_Init)
    HAL_TIM_Base_MspInit                     0x080024dd   Thumb Code    50  tim.o(i.HAL_TIM_Base_MspInit)
    HAL_TIM_Base_Start_IT                    0x08002519   Thumb Code   106  stm32h7xx_hal_tim.o(i.HAL_TIM_Base_Start_IT)
    HAL_TIM_ConfigClockSource                0x080025a5   Thumb Code   248  stm32h7xx_hal_tim.o(i.HAL_TIM_ConfigClockSource)
    HAL_TIM_IC_CaptureCallback               0x080026a1   Thumb Code     2  stm32h7xx_hal_tim.o(i.HAL_TIM_IC_CaptureCallback)
    HAL_TIM_IRQHandler                       0x080026a3   Thumb Code   388  stm32h7xx_hal_tim.o(i.HAL_TIM_IRQHandler)
    HAL_TIM_OC_DelayElapsedCallback          0x08002827   Thumb Code     2  stm32h7xx_hal_tim.o(i.HAL_TIM_OC_DelayElapsedCallback)
    HAL_TIM_PWM_PulseFinishedCallback        0x08002829   Thumb Code     2  stm32h7xx_hal_tim.o(i.HAL_TIM_PWM_PulseFinishedCallback)
    HAL_TIM_PeriodElapsedCallback            0x0800282b   Thumb Code    14  main.o(i.HAL_TIM_PeriodElapsedCallback)
    HAL_TIM_SlaveConfigSynchro               0x08002839   Thumb Code    82  stm32h7xx_hal_tim.o(i.HAL_TIM_SlaveConfigSynchro)
    HAL_TIM_TriggerCallback                  0x0800288b   Thumb Code     2  stm32h7xx_hal_tim.o(i.HAL_TIM_TriggerCallback)
    HAL_UARTEx_DisableFifoMode               0x0800288d   Thumb Code    62  stm32h7xx_hal_uart_ex.o(i.HAL_UARTEx_DisableFifoMode)
    HAL_UARTEx_RxEventCallback               0x080028cb   Thumb Code     2  stm32h7xx_hal_uart.o(i.HAL_UARTEx_RxEventCallback)
    HAL_UARTEx_RxFifoFullCallback            0x080028cd   Thumb Code     2  stm32h7xx_hal_uart_ex.o(i.HAL_UARTEx_RxFifoFullCallback)
    HAL_UARTEx_SetRxFifoThreshold            0x080028cf   Thumb Code    76  stm32h7xx_hal_uart_ex.o(i.HAL_UARTEx_SetRxFifoThreshold)
    HAL_UARTEx_SetTxFifoThreshold            0x0800291b   Thumb Code    76  stm32h7xx_hal_uart_ex.o(i.HAL_UARTEx_SetTxFifoThreshold)
    HAL_UARTEx_TxFifoEmptyCallback           0x08002967   Thumb Code     2  stm32h7xx_hal_uart_ex.o(i.HAL_UARTEx_TxFifoEmptyCallback)
    HAL_UARTEx_WakeupCallback                0x08002969   Thumb Code     2  stm32h7xx_hal_uart_ex.o(i.HAL_UARTEx_WakeupCallback)
    HAL_UART_ErrorCallback                   0x0800296b   Thumb Code     2  stm32h7xx_hal_uart.o(i.HAL_UART_ErrorCallback)
    HAL_UART_GetState                        0x0800296d   Thumb Code    12  stm32h7xx_hal_uart.o(i.HAL_UART_GetState)
    HAL_UART_IRQHandler                      0x08002979   Thumb Code   838  stm32h7xx_hal_uart.o(i.HAL_UART_IRQHandler)
    HAL_UART_Init                            0x08002cd5   Thumb Code   106  stm32h7xx_hal_uart.o(i.HAL_UART_Init)
    HAL_UART_MspInit                         0x08002d41   Thumb Code   130  usart.o(i.HAL_UART_MspInit)
    HAL_UART_Receive_IT                      0x08002dd1   Thumb Code    80  stm32h7xx_hal_uart.o(i.HAL_UART_Receive_IT)
    HAL_UART_RxCpltCallback                  0x08002e25   Thumb Code    76  stm32h7xx_it.o(i.HAL_UART_RxCpltCallback)
    HAL_UART_Transmit                        0x08002e7d   Thumb Code   188  stm32h7xx_hal_uart.o(i.HAL_UART_Transmit)
    HAL_UART_TxCpltCallback                  0x08002f39   Thumb Code     2  stm32h7xx_hal_uart.o(i.HAL_UART_TxCpltCallback)
    HardFault_Handler                        0x08002f3b   Thumb Code     2  stm32h7xx_it.o(i.HardFault_Handler)
    MX_FREERTOS_Init                         0x08002f3d   Thumb Code    72  freertos.o(i.MX_FREERTOS_Init)
    MX_GPIO_Init                             0x08002f8d   Thumb Code   150  gpio.o(i.MX_GPIO_Init)
    MX_TIM1_Init                             0x0800302d   Thumb Code   128  tim.o(i.MX_TIM1_Init)
    MX_USART2_UART_Init                      0x080030b5   Thumb Code    94  usart.o(i.MX_USART2_UART_Init)
    MemManage_Handler                        0x0800311d   Thumb Code     2  stm32h7xx_it.o(i.MemManage_Handler)
    NMI_Handler                              0x0800311f   Thumb Code     2  stm32h7xx_it.o(i.NMI_Handler)
    StartDefaultTask                         0x08003349   Thumb Code    28  freertos.o(i.StartDefaultTask)
    StartTaskLED                             0x08003379   Thumb Code    28  freertos.o(i.StartTaskLED)
    SysTick_Handler                          0x080033a9   Thumb Code    38  port.o(i.SysTick_Handler)
    SystemClock_Config                       0x080033d5   Thumb Code   158  main.o(i.SystemClock_Config)
    SystemInit                               0x0800347d   Thumb Code   180  system_stm32h7xx.o(i.SystemInit)
    TIM1_BRK_IRQHandler                      0x08003559   Thumb Code     6  stm32h7xx_it.o(i.TIM1_BRK_IRQHandler)
    TIM2_IRQHandler                          0x08003565   Thumb Code     6  stm32h7xx_it.o(i.TIM2_IRQHandler)
    TIM_Base_SetConfig                       0x08003571   Thumb Code   160  stm32h7xx_hal_tim.o(i.TIM_Base_SetConfig)
    TIM_ETR_SetConfig                        0x08003631   Thumb Code    20  stm32h7xx_hal_tim.o(i.TIM_ETR_SetConfig)
    UART_AdvFeatureConfig                    0x080037b9   Thumb Code   200  stm32h7xx_hal_uart.o(i.UART_AdvFeatureConfig)
    UART_CheckIdleState                      0x08003881   Thumb Code    96  stm32h7xx_hal_uart.o(i.UART_CheckIdleState)
    UART_SetConfig                           0x08003d71   Thumb Code   862  stm32h7xx_hal_uart.o(i.UART_SetConfig)
    UART_Start_Receive_IT                    0x0800410d   Thumb Code   262  stm32h7xx_hal_uart.o(i.UART_Start_Receive_IT)
    UART_WaitOnFlagUntilTimeout              0x08004225   Thumb Code   196  stm32h7xx_hal_uart.o(i.UART_WaitOnFlagUntilTimeout)
    USART2_IRQHandler                        0x080042e9   Thumb Code    56  stm32h7xx_it.o(i.USART2_IRQHandler)
    UsageFault_Handler                       0x08004331   Thumb Code     2  stm32h7xx_it.o(i.UsageFault_Handler)
    __0printf$3                              0x08004335   Thumb Code    22  printf3.o(i.__0printf$3)
    __1printf$3                              0x08004335   Thumb Code     0  printf3.o(i.__0printf$3)
    __2printf                                0x08004335   Thumb Code     0  printf3.o(i.__0printf$3)
    __scatterload_copy                       0x08004375   Thumb Code    14  handlers.o(i.__scatterload_copy)
    __scatterload_null                       0x08004383   Thumb Code     2  handlers.o(i.__scatterload_null)
    __scatterload_zeroinit                   0x08004385   Thumb Code    14  handlers.o(i.__scatterload_zeroinit)
    fputc                                    0x0800454d   Thumb Code    20  usart.o(i.fputc)
    main                                     0x08004565   Thumb Code   154  main.o(i.main)
    osDelay                                  0x08004615   Thumb Code    14  cmsis_os.o(i.osDelay)
    osKernelStart                            0x08004623   Thumb Code    10  cmsis_os.o(i.osKernelStart)
    osMutexCreate                            0x0800462d   Thumb Code    16  cmsis_os.o(i.osMutexCreate)
    osThreadCreate                           0x0800463d   Thumb Code    84  cmsis_os.o(i.osThreadCreate)
    pvPortMalloc                             0x08004af9   Thumb Code   216  heap_4.o(i.pvPortMalloc)
    pxPortInitialiseStack                    0x08004bd5   Thumb Code    40  port.o(i.pxPortInitialiseStack)
    uxListRemove                             0x08004c01   Thumb Code    38  list.o(i.uxListRemove)
    vApplicationGetIdleTaskMemory            0x08004c29   Thumb Code    16  freertos.o(i.vApplicationGetIdleTaskMemory)
    vListInitialise                          0x08004c3d   Thumb Code    22  list.o(i.vListInitialise)
    vListInitialiseItem                      0x08004c53   Thumb Code     6  list.o(i.vListInitialiseItem)
    vListInsert                              0x08004c59   Thumb Code    48  list.o(i.vListInsert)
    vListInsertEnd                           0x08004c89   Thumb Code    24  list.o(i.vListInsertEnd)
    vPortEnterCritical                       0x08004ca1   Thumb Code    54  port.o(i.vPortEnterCritical)
    vPortExitCritical                        0x08004ce1   Thumb Code    34  port.o(i.vPortExitCritical)
    vPortFree                                0x08004d09   Thumb Code    94  heap_4.o(i.vPortFree)
    vPortSetupTimerInterrupt                 0x08004d6d   Thumb Code    32  port.o(i.vPortSetupTimerInterrupt)
    vTaskDelay                               0x08004d91   Thumb Code    66  tasks.o(i.vTaskDelay)
    vTaskInternalSetTimeOutState             0x08004ddd   Thumb Code    12  tasks.o(i.vTaskInternalSetTimeOutState)
    vTaskMissedYield                         0x08004ded   Thumb Code     8  tasks.o(i.vTaskMissedYield)
    vTaskPlaceOnEventList                    0x08004df9   Thumb Code    44  tasks.o(i.vTaskPlaceOnEventList)
    vTaskStartScheduler                      0x08004e29   Thumb Code    90  tasks.o(i.vTaskStartScheduler)
    vTaskSuspendAll                          0x08004e95   Thumb Code    10  tasks.o(i.vTaskSuspendAll)
    vTaskSwitchContext                       0x08004ea5   Thumb Code    82  tasks.o(i.vTaskSwitchContext)
    xPortStartScheduler                      0x08004f01   Thumb Code   224  port.o(i.xPortStartScheduler)
    xQueueCreateMutex                        0x08004ff5   Thumb Code    22  queue.o(i.xQueueCreateMutex)
    xQueueCreateMutexStatic                  0x0800500b   Thumb Code    26  queue.o(i.xQueueCreateMutexStatic)
    xQueueGenericCreate                      0x08005025   Thumb Code    66  queue.o(i.xQueueGenericCreate)
    xQueueGenericCreateStatic                0x08005067   Thumb Code   102  queue.o(i.xQueueGenericCreateStatic)
    xQueueGenericReset                       0x080050cd   Thumb Code   132  queue.o(i.xQueueGenericReset)
    xQueueGenericSend                        0x08005155   Thumb Code   350  queue.o(i.xQueueGenericSend)
    xTaskCheckForTimeOut                     0x080052b9   Thumb Code   112  tasks.o(i.xTaskCheckForTimeOut)
    xTaskCreate                              0x0800532d   Thumb Code    90  tasks.o(i.xTaskCreate)
    xTaskCreateStatic                        0x08005387   Thumb Code    90  tasks.o(i.xTaskCreateStatic)
    xTaskGetSchedulerState                   0x080053e1   Thumb Code    22  tasks.o(i.xTaskGetSchedulerState)
    xTaskIncrementTick                       0x080053fd   Thumb Code   194  tasks.o(i.xTaskIncrementTick)
    xTaskPriorityDisinherit                  0x080054c9   Thumb Code   144  tasks.o(i.xTaskPriorityDisinherit)
    xTaskRemoveFromEventList                 0x08005561   Thumb Code   108  tasks.o(i.xTaskRemoveFromEventList)
    xTaskResumeAll                           0x080055d5   Thumb Code   182  tasks.o(i.xTaskResumeAll)
    UARTPrescTable                           0x080056d8   Data          24  stm32h7xx_hal_uart.o(.constdata)
    D1CorePrescTable                         0x08005700   Data          16  system_stm32h7xx.o(.constdata)
    Region$$Table$$Base                      0x08005728   Number         0  anon$$obj.o(Region$$Table)
    Region$$Table$$Limit                     0x08005748   Number         0  anon$$obj.o(Region$$Table)
    defaultTaskHandle                        0x24000000   Data           4  freertos.o(.data)
    myTaskLEDHandle                          0x24000004   Data           4  freertos.o(.data)
    myKeyHandle                              0x24000008   Data           4  freertos.o(.data)
    aRxBuffer                                0x2400000c   Data           1  stm32h7xx_it.o(.data)
    USART_RX_STA                             0x2400000e   Data           2  stm32h7xx_it.o(.data)
    __stdout                                 0x24000010   Data           4  stm32h7xx_it.o(.data)
    uwTickFreq                               0x24000014   Data           1  stm32h7xx_hal.o(.data)
    uwTickPrio                               0x24000018   Data           4  stm32h7xx_hal.o(.data)
    uwTick                                   0x2400001c   Data           4  stm32h7xx_hal.o(.data)
    SystemCoreClock                          0x24000020   Data           4  system_stm32h7xx.o(.data)
    SystemD2Clock                            0x24000024   Data           4  system_stm32h7xx.o(.data)
    pxCurrentTCB                             0x24000028   Data           4  tasks.o(.data)
    myKeyControlBlock                        0x24000090   Data          80  freertos.o(.bss)
    htim1                                    0x2400033c   Data          76  tim.o(.bss)
    huart2                                   0x24000388   Data         144  usart.o(.bss)
    UART2_Handler                            0x24000418   Data         144  stm32h7xx_it.o(.bss)
    USART_RX_BUF                             0x240004a8   Data         200  stm32h7xx_it.o(.bss)
    htim2                                    0x24000570   Data          76  stm32h7xx_hal_timebase_tim.o(.bss)
    __initial_sp                             0x240046b0   Data           0  startup_stm32h743xx.o(STACK)
    DMARxDscrTab                             0x30040000   Data          96  ethernetif.o(.ARM.__AT_0x30040000)
    DMATxDscrTab                             0x30040060   Data          96  ethernetif.o(.ARM.__AT_0x30040060)
    Rx_Buff                                  0x30040200   Data        6096  ethernetif.o(.ARM.__AT_0x30040200)



==============================================================================

Memory Map of the image

  Image Entry point : 0x08000299

  Load Region LR_IROM1 (Base: 0x08000000, Size: 0x000057d8, Max: 0x00200000, ABSOLUTE)

    Execution Region ER_IROM1 (Base: 0x08000000, Size: 0x00005748, Max: 0x00200000, ABSOLUTE)

    Base Addr    Size         Type   Attr      Idx    E Section Name        Object

    0x08000000   0x00000298   Data   RO            3    RESET               startup_stm32h743xx.o
    0x08000298   0x00000000   Code   RO        11589  * .ARM.Collect$$$$00000000  mc_w.l(entry.o)
    0x08000298   0x00000004   Code   RO        11906    .ARM.Collect$$$$00000001  mc_w.l(entry2.o)
    0x0800029c   0x00000004   Code   RO        11909    .ARM.Collect$$$$00000004  mc_w.l(entry5.o)
    0x080002a0   0x00000000   Code   RO        11911    .ARM.Collect$$$$00000008  mc_w.l(entry7b.o)
    0x080002a0   0x00000000   Code   RO        11913    .ARM.Collect$$$$0000000A  mc_w.l(entry8b.o)
    0x080002a0   0x00000008   Code   RO        11914    .ARM.Collect$$$$0000000B  mc_w.l(entry9a.o)
    0x080002a8   0x00000000   Code   RO        11916    .ARM.Collect$$$$0000000D  mc_w.l(entry10a.o)
    0x080002a8   0x00000000   Code   RO        11918    .ARM.Collect$$$$0000000F  mc_w.l(entry11a.o)
    0x080002a8   0x00000004   Code   RO        11907    .ARM.Collect$$$$00002712  mc_w.l(entry2.o)
    0x080002ac   0x000000be   Code   RO         6700    .emb_text           port.o
    0x0800036a   0x00000002   PAD
    0x0800036c   0x00000024   Code   RO            4    .text               startup_stm32h743xx.o
    0x08000390   0x00000062   Code   RO        11592    .text               mc_w.l(uldiv.o)
    0x080003f2   0x00000040   Code   RO        11627    .text               mc_w.l(memmovea.o)
    0x08000432   0x00000024   Code   RO        11631    .text               mc_w.l(memseta.o)
    0x08000456   0x0000002c   Code   RO        11920    .text               mc_w.l(uidiv.o)
    0x08000482   0x0000001e   Code   RO        11922    .text               mc_w.l(llshl.o)
    0x080004a0   0x00000020   Code   RO        11924    .text               mc_w.l(llushr.o)
    0x080004c0   0x00000024   Code   RO        11946    .text               mc_w.l(init.o)
    0x080004e4   0x00000002   Code   RO          589    i.BusFault_Handler  stm32h7xx_it.o
    0x080004e6   0x00000002   Code   RO          590    i.DebugMon_Handler  stm32h7xx_it.o
    0x080004e8   0x00000004   Code   RO           47    i.Error_Handler     main.o
    0x080004ec   0x00000360   Code   RO         2081    i.HAL_DMA_Abort     stm32h7xx_hal_dma.o
    0x0800084c   0x0000026c   Code   RO         2082    i.HAL_DMA_Abort_IT  stm32h7xx_hal_dma.o
    0x08000ab8   0x000001dc   Code   RO         1929    i.HAL_GPIO_Init     stm32h7xx_hal_gpio.o
    0x08000c94   0x00000010   Code   RO         1932    i.HAL_GPIO_TogglePin  stm32h7xx_hal_gpio.o
    0x08000ca4   0x0000000a   Code   RO         1933    i.HAL_GPIO_WritePin  stm32h7xx_hal_gpio.o
    0x08000cae   0x00000002   PAD
    0x08000cb0   0x0000000c   Code   RO         2942    i.HAL_GetREVID      stm32h7xx_hal.o
    0x08000cbc   0x0000000c   Code   RO         2943    i.HAL_GetTick       stm32h7xx_hal.o
    0x08000cc8   0x00000010   Code   RO         2949    i.HAL_IncTick       stm32h7xx_hal.o
    0x08000cd8   0x0000005c   Code   RO         2950    i.HAL_Init          stm32h7xx_hal.o
    0x08000d34   0x0000008c   Code   RO          716    i.HAL_InitTick      stm32h7xx_hal_timebase_tim.o
    0x08000dc0   0x00000024   Code   RO          692    i.HAL_MspInit       stm32h7xx_hal_msp.o
    0x08000de4   0x0000001a   Code   RO         2789    i.HAL_NVIC_EnableIRQ  stm32h7xx_hal_cortex.o
    0x08000dfe   0x00000002   PAD
    0x08000e00   0x00000040   Code   RO         2795    i.HAL_NVIC_SetPriority  stm32h7xx_hal_cortex.o
    0x08000e40   0x00000024   Code   RO         2796    i.HAL_NVIC_SetPriorityGrouping  stm32h7xx_hal_cortex.o
    0x08000e64   0x00000050   Code   RO         2530    i.HAL_PWREx_ConfigSupply  stm32h7xx_hal_pwr_ex.o
    0x08000eb4   0x00000024   Code   RO         1550    i.HAL_RCCEx_GetD3PCLK1Freq  stm32h7xx_hal_rcc_ex.o
    0x08000ed8   0x0000013c   Code   RO         1552    i.HAL_RCCEx_GetPLL2ClockFreq  stm32h7xx_hal_rcc_ex.o
    0x08001014   0x0000013c   Code   RO         1553    i.HAL_RCCEx_GetPLL3ClockFreq  stm32h7xx_hal_rcc_ex.o
    0x08001150   0x000008d4   Code   RO         1559    i.HAL_RCCEx_PeriphCLKConfig  stm32h7xx_hal_rcc_ex.o
    0x08001a24   0x00000270   Code   RO         1435    i.HAL_RCC_ClockConfig  stm32h7xx_hal_rcc.o
    0x08001c94   0x00000060   Code   RO         1439    i.HAL_RCC_GetClockConfig  stm32h7xx_hal_rcc.o
    0x08001cf4   0x00000044   Code   RO         1440    i.HAL_RCC_GetHCLKFreq  stm32h7xx_hal_rcc.o
    0x08001d38   0x00000024   Code   RO         1442    i.HAL_RCC_GetPCLK1Freq  stm32h7xx_hal_rcc.o
    0x08001d5c   0x00000024   Code   RO         1443    i.HAL_RCC_GetPCLK2Freq  stm32h7xx_hal_rcc.o
    0x08001d80   0x00000130   Code   RO         1444    i.HAL_RCC_GetSysClockFreq  stm32h7xx_hal_rcc.o
    0x08001eb0   0x0000051c   Code   RO         1447    i.HAL_RCC_OscConfig  stm32h7xx_hal_rcc.o
    0x080023cc   0x00000002   Code   RO         4540    i.HAL_TIMEx_Break2Callback  stm32h7xx_hal_tim_ex.o
    0x080023ce   0x00000002   Code   RO         4541    i.HAL_TIMEx_BreakCallback  stm32h7xx_hal_tim_ex.o
    0x080023d0   0x00000002   Code   RO         4542    i.HAL_TIMEx_CommutCallback  stm32h7xx_hal_tim_ex.o
    0x080023d2   0x00000002   PAD
    0x080023d4   0x000000a4   Code   RO         4562    i.HAL_TIMEx_MasterConfigSynchronization  stm32h7xx_hal_tim_ex.o
    0x08002478   0x00000062   Code   RO         3826    i.HAL_TIM_Base_Init  stm32h7xx_hal_tim.o
    0x080024da   0x00000002   PAD
    0x080024dc   0x0000003c   Code   RO          492    i.HAL_TIM_Base_MspInit  tim.o
    0x08002518   0x0000008c   Code   RO         3831    i.HAL_TIM_Base_Start_IT  stm32h7xx_hal_tim.o
    0x080025a4   0x000000fc   Code   RO         3835    i.HAL_TIM_ConfigClockSource  stm32h7xx_hal_tim.o
    0x080026a0   0x00000002   Code   RO         3860    i.HAL_TIM_IC_CaptureCallback  stm32h7xx_hal_tim.o
    0x080026a2   0x00000184   Code   RO         3874    i.HAL_TIM_IRQHandler  stm32h7xx_hal_tim.o
    0x08002826   0x00000002   Code   RO         3877    i.HAL_TIM_OC_DelayElapsedCallback  stm32h7xx_hal_tim.o
    0x08002828   0x00000002   Code   RO         3904    i.HAL_TIM_PWM_PulseFinishedCallback  stm32h7xx_hal_tim.o
    0x0800282a   0x0000000e   Code   RO           48    i.HAL_TIM_PeriodElapsedCallback  main.o
    0x08002838   0x00000052   Code   RO         3915    i.HAL_TIM_SlaveConfigSynchro  stm32h7xx_hal_tim.o
    0x0800288a   0x00000002   Code   RO         3917    i.HAL_TIM_TriggerCallback  stm32h7xx_hal_tim.o
    0x0800288c   0x0000003e   Code   RO         5251    i.HAL_UARTEx_DisableFifoMode  stm32h7xx_hal_uart_ex.o
    0x080028ca   0x00000002   Code   RO         4840    i.HAL_UARTEx_RxEventCallback  stm32h7xx_hal_uart.o
    0x080028cc   0x00000002   Code   RO         5258    i.HAL_UARTEx_RxFifoFullCallback  stm32h7xx_hal_uart_ex.o
    0x080028ce   0x0000004c   Code   RO         5259    i.HAL_UARTEx_SetRxFifoThreshold  stm32h7xx_hal_uart_ex.o
    0x0800291a   0x0000004c   Code   RO         5260    i.HAL_UARTEx_SetTxFifoThreshold  stm32h7xx_hal_uart_ex.o
    0x08002966   0x00000002   Code   RO         5262    i.HAL_UARTEx_TxFifoEmptyCallback  stm32h7xx_hal_uart_ex.o
    0x08002968   0x00000002   Code   RO         5263    i.HAL_UARTEx_WakeupCallback  stm32h7xx_hal_uart_ex.o
    0x0800296a   0x00000002   Code   RO         4856    i.HAL_UART_ErrorCallback  stm32h7xx_hal_uart.o
    0x0800296c   0x0000000c   Code   RO         4858    i.HAL_UART_GetState  stm32h7xx_hal_uart.o
    0x08002978   0x0000035c   Code   RO         4859    i.HAL_UART_IRQHandler  stm32h7xx_hal_uart.o
    0x08002cd4   0x0000006a   Code   RO         4860    i.HAL_UART_Init     stm32h7xx_hal_uart.o
    0x08002d3e   0x00000002   PAD
    0x08002d40   0x00000090   Code   RO          535    i.HAL_UART_MspInit  usart.o
    0x08002dd0   0x00000054   Code   RO         4865    i.HAL_UART_Receive_IT  stm32h7xx_hal_uart.o
    0x08002e24   0x00000058   Code   RO          591    i.HAL_UART_RxCpltCallback  stm32h7xx_it.o
    0x08002e7c   0x000000bc   Code   RO         4869    i.HAL_UART_Transmit  stm32h7xx_hal_uart.o
    0x08002f38   0x00000002   Code   RO         4872    i.HAL_UART_TxCpltCallback  stm32h7xx_hal_uart.o
    0x08002f3a   0x00000002   Code   RO          592    i.HardFault_Handler  stm32h7xx_it.o
    0x08002f3c   0x00000050   Code   RO          431    i.MX_FREERTOS_Init  freertos.o
    0x08002f8c   0x000000a0   Code   RO          403    i.MX_GPIO_Init      gpio.o
    0x0800302c   0x00000088   Code   RO          493    i.MX_TIM1_Init      tim.o
    0x080030b4   0x00000068   Code   RO          536    i.MX_USART2_UART_Init  usart.o
    0x0800311c   0x00000002   Code   RO          593    i.MemManage_Handler  stm32h7xx_it.o
    0x0800311e   0x00000002   Code   RO          594    i.NMI_Handler       stm32h7xx_it.o
    0x08003120   0x00000114   Code   RO         1562    i.RCCEx_PLL2_Config  stm32h7xx_hal_rcc_ex.o
    0x08003234   0x00000114   Code   RO         1563    i.RCCEx_PLL3_Config  stm32h7xx_hal_rcc_ex.o
    0x08003348   0x00000030   Code   RO          432    i.StartDefaultTask  freertos.o
    0x08003378   0x00000030   Code   RO          433    i.StartTaskLED      freertos.o
    0x080033a8   0x0000002c   Code   RO         6701    i.SysTick_Handler   port.o
    0x080033d4   0x000000a8   Code   RO           49    i.SystemClock_Config  main.o
    0x0800347c   0x000000dc   Code   RO         5364    i.SystemInit        system_stm32h7xx.o
    0x08003558   0x0000000c   Code   RO          595    i.TIM1_BRK_IRQHandler  stm32h7xx_it.o
    0x08003564   0x0000000c   Code   RO          596    i.TIM2_IRQHandler   stm32h7xx_it.o
    0x08003570   0x000000c0   Code   RO         3919    i.TIM_Base_SetConfig  stm32h7xx_hal_tim.o
    0x08003630   0x00000014   Code   RO         3930    i.TIM_ETR_SetConfig  stm32h7xx_hal_tim.o
    0x08003644   0x00000014   Code   RO         3931    i.TIM_ITRx_SetConfig  stm32h7xx_hal_tim.o
    0x08003658   0x000000d4   Code   RO         3938    i.TIM_SlaveTimer_SetConfig  stm32h7xx_hal_tim.o
    0x0800372c   0x00000022   Code   RO         3939    i.TIM_TI1_ConfigInputStage  stm32h7xx_hal_tim.o
    0x0800374e   0x00000024   Code   RO         3941    i.TIM_TI2_ConfigInputStage  stm32h7xx_hal_tim.o
    0x08003772   0x00000002   PAD
    0x08003774   0x00000044   Code   RO         5264    i.UARTEx_SetNbDataToProcess  stm32h7xx_hal_uart_ex.o
    0x080037b8   0x000000c8   Code   RO         4874    i.UART_AdvFeatureConfig  stm32h7xx_hal_uart.o
    0x08003880   0x00000060   Code   RO         4875    i.UART_CheckIdleState  stm32h7xx_hal_uart.o
    0x080038e0   0x00000014   Code   RO         4876    i.UART_DMAAbortOnError  stm32h7xx_hal_uart.o
    0x080038f4   0x00000054   Code   RO         4886    i.UART_EndRxTransfer  stm32h7xx_hal_uart.o
    0x08003948   0x000000a2   Code   RO         4888    i.UART_RxISR_16BIT  stm32h7xx_hal_uart.o
    0x080039ea   0x00000002   PAD
    0x080039ec   0x00000170   Code   RO         4889    i.UART_RxISR_16BIT_FIFOEN  stm32h7xx_hal_uart.o
    0x08003b5c   0x000000a2   Code   RO         4890    i.UART_RxISR_8BIT   stm32h7xx_hal_uart.o
    0x08003bfe   0x00000002   PAD
    0x08003c00   0x00000170   Code   RO         4891    i.UART_RxISR_8BIT_FIFOEN  stm32h7xx_hal_uart.o
    0x08003d70   0x0000039c   Code   RO         4892    i.UART_SetConfig    stm32h7xx_hal_uart.o
    0x0800410c   0x00000118   Code   RO         4894    i.UART_Start_Receive_IT  stm32h7xx_hal_uart.o
    0x08004224   0x000000c4   Code   RO         4899    i.UART_WaitOnFlagUntilTimeout  stm32h7xx_hal_uart.o
    0x080042e8   0x00000048   Code   RO          597    i.USART2_IRQHandler  stm32h7xx_it.o
    0x08004330   0x00000002   Code   RO          598    i.UsageFault_Handler  stm32h7xx_it.o
    0x08004332   0x00000002   PAD
    0x08004334   0x00000020   Code   RO        11732    i.__0printf$3       mc_w.l(printf3.o)
    0x08004354   0x00000020   Code   RO         2802    i.__NVIC_SetPriority  stm32h7xx_hal_cortex.o
    0x08004374   0x0000000e   Code   RO        11958    i.__scatterload_copy  mc_w.l(handlers.o)
    0x08004382   0x00000002   Code   RO        11959    i.__scatterload_null  mc_w.l(handlers.o)
    0x08004384   0x0000000e   Code   RO        11960    i.__scatterload_zeroinit  mc_w.l(handlers.o)
    0x08004392   0x00000002   PAD
    0x08004394   0x000001b8   Code   RO        11739    i._printf_core      mc_w.l(printf3.o)
    0x0800454c   0x00000018   Code   RO          538    i.fputc             usart.o
    0x08004564   0x000000a4   Code   RO           50    i.main              main.o
    0x08004608   0x0000000c   Code   RO         6266    i.makeFreeRtosPriority  cmsis_os.o
    0x08004614   0x0000000e   Code   RO         6268    i.osDelay           cmsis_os.o
    0x08004622   0x0000000a   Code   RO         6271    i.osKernelStart     cmsis_os.o
    0x0800462c   0x00000010   Code   RO         6286    i.osMutexCreate     cmsis_os.o
    0x0800463c   0x00000054   Code   RO         6305    i.osThreadCreate    cmsis_os.o
    0x08004690   0x00000070   Code   RO         5914    i.prvAddCurrentTaskToDelayedList  tasks.o
    0x08004700   0x000000d0   Code   RO         5915    i.prvAddNewTaskToReadyList  tasks.o
    0x080047d0   0x0000006c   Code   RO         5554    i.prvCopyDataToQueue  queue.o
    0x0800483c   0x00000034   Code   RO         5916    i.prvDeleteTCB      tasks.o
    0x08004870   0x0000004c   Code   RO         6633    i.prvHeapInit       heap_4.o
    0x080048bc   0x0000005c   Code   RO         5917    i.prvIdleTask       tasks.o
    0x08004918   0x00000016   Code   RO         5555    i.prvInitialiseMutex  queue.o
    0x0800492e   0x00000020   Code   RO         5556    i.prvInitialiseNewQueue  queue.o
    0x0800494e   0x000000aa   Code   RO         5918    i.prvInitialiseNewTask  tasks.o
    0x080049f8   0x0000004c   Code   RO         6634    i.prvInsertBlockIntoFreeList  heap_4.o
    0x08004a44   0x00000020   Code   RO         5920    i.prvResetNextTaskUnblockTime  tasks.o
    0x08004a64   0x00000028   Code   RO         6702    i.prvTaskExitError  port.o
    0x08004a8c   0x0000006a   Code   RO         5558    i.prvUnlockQueue    queue.o
    0x08004af6   0x00000002   PAD
    0x08004af8   0x000000dc   Code   RO         6635    i.pvPortMalloc      heap_4.o
    0x08004bd4   0x0000002c   Code   RO         6703    i.pxPortInitialiseStack  port.o
    0x08004c00   0x00000026   Code   RO         5513    i.uxListRemove      list.o
    0x08004c26   0x00000002   PAD
    0x08004c28   0x00000014   Code   RO          434    i.vApplicationGetIdleTaskMemory  freertos.o
    0x08004c3c   0x00000016   Code   RO         5514    i.vListInitialise   list.o
    0x08004c52   0x00000006   Code   RO         5515    i.vListInitialiseItem  list.o
    0x08004c58   0x00000030   Code   RO         5516    i.vListInsert       list.o
    0x08004c88   0x00000018   Code   RO         5517    i.vListInsertEnd    list.o
    0x08004ca0   0x00000040   Code   RO         6705    i.vPortEnterCritical  port.o
    0x08004ce0   0x00000028   Code   RO         6706    i.vPortExitCritical  port.o
    0x08004d08   0x00000064   Code   RO         6636    i.vPortFree         heap_4.o
    0x08004d6c   0x00000024   Code   RO         6707    i.vPortSetupTimerInterrupt  port.o
    0x08004d90   0x0000004c   Code   RO         5931    i.vTaskDelay        tasks.o
    0x08004ddc   0x00000010   Code   RO         5935    i.vTaskInternalSetTimeOutState  tasks.o
    0x08004dec   0x0000000c   Code   RO         5936    i.vTaskMissedYield  tasks.o
    0x08004df8   0x00000030   Code   RO         5938    i.vTaskPlaceOnEventList  tasks.o
    0x08004e28   0x0000006c   Code   RO         5946    i.vTaskStartScheduler  tasks.o
    0x08004e94   0x00000010   Code   RO         5948    i.vTaskSuspendAll   tasks.o
    0x08004ea4   0x0000005c   Code   RO         5949    i.vTaskSwitchContext  tasks.o
    0x08004f00   0x000000f4   Code   RO         6709    i.xPortStartScheduler  port.o
    0x08004ff4   0x00000016   Code   RO         5568    i.xQueueCreateMutex  queue.o
    0x0800500a   0x0000001a   Code   RO         5569    i.xQueueCreateMutexStatic  queue.o
    0x08005024   0x00000042   Code   RO         5570    i.xQueueGenericCreate  queue.o
    0x08005066   0x00000066   Code   RO         5571    i.xQueueGenericCreateStatic  queue.o
    0x080050cc   0x00000088   Code   RO         5572    i.xQueueGenericReset  queue.o
    0x08005154   0x00000164   Code   RO         5573    i.xQueueGenericSend  queue.o
    0x080052b8   0x00000074   Code   RO         5951    i.xTaskCheckForTimeOut  tasks.o
    0x0800532c   0x0000005a   Code   RO         5952    i.xTaskCreate       tasks.o
    0x08005386   0x0000005a   Code   RO         5953    i.xTaskCreateStatic  tasks.o
    0x080053e0   0x0000001c   Code   RO         5957    i.xTaskGetSchedulerState  tasks.o
    0x080053fc   0x000000cc   Code   RO         5960    i.xTaskIncrementTick  tasks.o
    0x080054c8   0x00000098   Code   RO         5963    i.xTaskPriorityDisinherit  tasks.o
    0x08005560   0x00000074   Code   RO         5965    i.xTaskRemoveFromEventList  tasks.o
    0x080055d4   0x000000c4   Code   RO         5966    i.xTaskResumeAll    tasks.o
    0x08005698   0x00000040   Data   RO          437    .constdata          freertos.o
    0x080056d8   0x00000018   Data   RO         4900    .constdata          stm32h7xx_hal_uart.o
    0x080056f0   0x00000010   Data   RO         5265    .constdata          stm32h7xx_hal_uart_ex.o
    0x08005700   0x00000010   Data   RO         5365    .constdata          system_stm32h7xx.o
    0x08005710   0x00000018   Data   RO          438    .conststring        freertos.o
    0x08005728   0x00000020   Data   RO        11956    Region$$Table       anon$$obj.o


    Execution Region RW_IRAM1 (Base: 0x20000000, Size: 0x00000000, Max: 0x00020000, ABSOLUTE)

    **** No section assigned to this execution region ****


    Execution Region RW_IRAM2 (Base: 0x24000000, Size: 0x000046b0, Max: 0x00080000, ABSOLUTE)

    Base Addr    Size         Type   Attr      Idx    E Section Name        Object

    0x24000000   0x0000000c   Data   RW          439    .data               freertos.o
    0x2400000c   0x00000004   Data   RW          602    .data               stm32h7xx_it.o
    0x24000010   0x00000004   Data   RW          603    .data               stm32h7xx_it.o
    0x24000014   0x0000000c   Data   RW         2972    .data               stm32h7xx_hal.o
    0x24000020   0x00000008   Data   RW         5366    .data               system_stm32h7xx.o
    0x24000028   0x0000003c   Data   RW         5969    .data               tasks.o
    0x24000064   0x00000020   Data   RW         6642    .data               heap_4.o
    0x24000084   0x0000000c   Data   RW         6710    .data               port.o
    0x24000090   0x00000050   Zero   RW          435    .bss                freertos.o
    0x240000e0   0x0000025c   Zero   RW          436    .bss                freertos.o
    0x2400033c   0x0000004c   Zero   RW          494    .bss                tim.o
    0x24000388   0x00000090   Zero   RW          539    .bss                usart.o
    0x24000418   0x00000158   Zero   RW          601    .bss                stm32h7xx_it.o
    0x24000570   0x0000004c   Zero   RW          719    .bss                stm32h7xx_hal_timebase_tim.o
    0x240005bc   0x000000f0   Zero   RW         5968    .bss                tasks.o
    0x240006ac   0x00003c00   Zero   RW         6641    .bss                heap_4.o
    0x240042ac   0x00000004   PAD
    0x240042b0   0x00000400   Zero   RW            1    STACK               startup_stm32h743xx.o



  Load Region LR$$.ARM.__AT_0x30040000 (Base: 0x30040000, Size: 0x00000000, Max: 0x00000060, ABSOLUTE)

    Execution Region ER$$.ARM.__AT_0x30040000 (Base: 0x30040000, Size: 0x00000060, Max: 0x00000060, ABSOLUTE, UNINIT)

    Base Addr    Size         Type   Attr      Idx    E Section Name        Object

    0x30040000   0x00000060   Zero   RW          772    .ARM.__AT_0x30040000  ethernetif.o



  Load Region LR$$.ARM.__AT_0x30040060 (Base: 0x30040060, Size: 0x00000000, Max: 0x00000060, ABSOLUTE)

    Execution Region ER$$.ARM.__AT_0x30040060 (Base: 0x30040060, Size: 0x00000060, Max: 0x00000060, ABSOLUTE, UNINIT)

    Base Addr    Size         Type   Attr      Idx    E Section Name        Object

    0x30040060   0x00000060   Zero   RW          773    .ARM.__AT_0x30040060  ethernetif.o



  Load Region LR$$.ARM.__AT_0x30040200 (Base: 0x30040200, Size: 0x00000000, Max: 0x000017d0, ABSOLUTE)

    Execution Region ER$$.ARM.__AT_0x30040200 (Base: 0x30040200, Size: 0x000017d0, Max: 0x000017d0, ABSOLUTE, UNINIT)

    Base Addr    Size         Type   Attr      Idx    E Section Name        Object

    0x30040200   0x000017d0   Zero   RW          774    .ARM.__AT_0x30040200  ethernetif.o


==============================================================================

Image component sizes


      Code (inc. data)   RO Data    RW Data    ZI Data      Debug   Object Name

         0          0          0          0          0       4532   armlib_lock_glue.o
       136          0          0          0          0      23997   cmsis_os.o
         0          0          0          0       6288       2425   ethernetif.o
         0          0          0          0          0      20092   event_groups.o
       196         52         88         12        684       7715   freertos.o
       160         10          0          0          0       1023   gpio.o
       472         24          0         32      15360       7499   heap_4.o
       138          0          0          0          0       3534   list.o
       350         20          0          0          0    1396396   main.o
       702         70          0         12          0      10964   port.o
       976         10          0          0          0      14157   queue.o
        36          8        664          0       1024        832   startup_stm32h743xx.o
       132         32          0         12          0      21929   stm32h7xx_hal.o
       158         14          0          0          0      38718   stm32h7xx_hal_cortex.o
      1484         28          0          0          0       3735   stm32h7xx_hal_dma.o
       502         50          0          0          0       2889   stm32h7xx_hal_gpio.o
        36          4          0          0          0        818   stm32h7xx_hal_msp.o
        80          4          0          0          0        785   stm32h7xx_hal_pwr_ex.o
      2472        140          0          0          0       7797   stm32h7xx_hal_rcc.o
      3480        130          0          0          0       7689   stm32h7xx_hal_rcc_ex.o
      1482         98          0          0          0      12218   stm32h7xx_hal_tim.o
       170         28          0          0          0       3200   stm32h7xx_hal_tim_ex.o
       140         18          0          0         76       1467   stm32h7xx_hal_timebase_tim.o
      4116        170         24          0          0      37806   stm32h7xx_hal_uart.o
       288          6         16          0          0       5402   stm32h7xx_hal_uart_ex.o
       196         40          0          8        344       7051   stm32h7xx_it.o
         0          0          0          0          0        416   stream_buffer.o
       220         40         16          8          0       1326   system_stm32h7xx.o
      2026        146          0         60        240      25294   tasks.o
       196         18          0          0         76       1730   tim.o
       272         28          0          0        144       2326   usart.o

    ----------------------------------------------------------------------
     20640       1188        840        144      24240    1675762   Object Totals
         0          0         32          0          0          0   (incl. Generated)
        24          0          0          0          4          0   (incl. Padding)

    ----------------------------------------------------------------------

      Code (inc. data)   RO Data    RW Data    ZI Data      Debug   Library Member Name

         0          0          0          0          0          0   entry.o
         0          0          0          0          0          0   entry10a.o
         0          0          0          0          0          0   entry11a.o
         8          4          0          0          0          0   entry2.o
         4          0          0          0          0          0   entry5.o
         0          0          0          0          0          0   entry7b.o
         0          0          0          0          0          0   entry8b.o
         8          4          0          0          0          0   entry9a.o
        30          0          0          0          0          0   handlers.o
        36          8          0          0          0         68   init.o
        30          0          0          0          0         68   llshl.o
        32          0          0          0          0         68   llushr.o
        64          0          0          0          0         76   memmovea.o
        36          0          0          0          0        108   memseta.o
       472         14          0          0          0        184   printf3.o
        44          0          0          0          0         80   uidiv.o
        98          0          0          0          0         92   uldiv.o

    ----------------------------------------------------------------------
       864         30          0          0          0        744   Library Totals
         2          0          0          0          0          0   (incl. Padding)

    ----------------------------------------------------------------------

      Code (inc. data)   RO Data    RW Data    ZI Data      Debug   Library Name

       862         30          0          0          0        744   mc_w.l

    ----------------------------------------------------------------------
       864         30          0          0          0        744   Library Totals

    ----------------------------------------------------------------------

==============================================================================


      Code (inc. data)   RO Data    RW Data    ZI Data      Debug   

     21504       1218        840        144      24240    1662098   Grand Totals
     21504       1218        840        144      24240    1662098   ELF Image Totals
     21504       1218        840        144          0          0   ROM Totals

==============================================================================

    Total RO  Size (Code + RO Data)                22344 (  21.82kB)
    Total RW  Size (RW Data + ZI Data)             24384 (  23.81kB)
    Total ROM Size (Code + RO Data + RW Data)      22488 (  21.96kB)

==============================================================================

